<html>
<body>
<pre>
<h1>礦ision Build Log</h1>
<h2>Tool Versions:</h2>
IDE-Version: μVision V5.25.2.0
Copyright (C) 2018 ARM Ltd and ARM Germany GmbH. All rights reserved.
License Information: Kevin Lee, HP Inc., LIC=KIVAR-KDY14-LTM3E-5LRUX-5RI71-UIXPJ
 
Tool Versions:
Toolchain:       MDK-ARM Professional  Version: 5.25.2.0
Toolchain Path:  D:\Keil_v5\ARM\ARMCC\Bin
C Compiler:      Armcc.exe V5.06 update 6 (build 750)
Assembler:       Armasm.exe V5.06 update 6 (build 750)
Linker/Locator:  ArmLink.exe V5.06 update 6 (build 750)
Library Manager: ArmAr.exe V5.06 update 6 (build 750)
Hex Converter:   FromElf.exe V5.06 update 6 (build 750)
CPU DLL:         SARMCM3.DLL V5.25.2.0
Dialog DLL:      DARMSTM.DLL V1.68.0.0
Target DLL:      Segger\JL2CM3.dll V2.99.29.0
Dialog DLL:      TARMSTM.DLL V1.66.0.0
 
<h2>Project:</h2>
F:\哈工大\大一年度项目\程序源码\总程序\USER\TIMER.uvproj
Project File Date:  05/25/2020

<h2>Output:</h2>
*** Using Compiler 'V5.06 update 6 (build 750)', folder: 'D:\Keil_v5\ARM\ARMCC\Bin'
Rebuild target 'Target 1'
compiling led.c...
compiling main.c...
main.c(15): warning:  #177-D: variable "adcx"  was declared but never referenced
  	u16 adcx;
main.c(16): warning:  #177-D: variable "temp"  was declared but never referenced
  	float temp;
main.c(36): warning:  #1-D: last line of file ends without a newline
   
main.c: 3 warnings, 0 errors
compiling key.c...
compiling stm32f10x_it.c...
compiling beep.c...
compiling motor.c...
compiling wdg.c...
compiling delay.c...
compiling timer.c...
compiling system_stm32f10x.c...
compiling UltrasonicWave.c...
assembling startup_stm32f10x_md.s...
compiling core_cm3.c...
compiling sys.c...
compiling usart.c...
compiling stm32f10x_bkp.c...
compiling stm32f10x_crc.c...
compiling misc.c...
compiling stm32f10x_dbgmcu.c...
compiling stm32f10x_cec.c...
compiling stm32f10x_dac.c...
compiling stm32f10x_can.c...
compiling stm32f10x_adc.c...
compiling stm32f10x_dma.c...
compiling stm32f10x_exti.c...
compiling stm32f10x_iwdg.c...
compiling stm32f10x_flash.c...
compiling stm32f10x_gpio.c...
compiling stm32f10x_pwr.c...
compiling stm32f10x_fsmc.c...
compiling stm32f10x_i2c.c...
compiling stm32f10x_rtc.c...
compiling stm32f10x_sdio.c...
compiling stm32f10x_rcc.c...
compiling stm32f10x_spi.c...
compiling stm32f10x_wwdg.c...
compiling stm32f10x_tim.c...
compiling stm32f10x_usart.c...
linking...
Program Size: Code=17888 RO-data=444 RW-data=108 ZI-data=1700  
FromELF: creating hex file...
".\TIMER.axf" - 0 Error(s), 3 Warning(s).
Build Time Elapsed:  00:00:02
</pre>
</body>
</html>
