Component: ARM Compiler 5.06 update 6 (build 750) Tool: armlink [4d35ed]

==============================================================================

Section Cross References

    main.o(.text) refers to delay.o(.text) for delay_init
    main.o(.text) refers to sys.o(.text) for NVIC_Configuration
    main.o(.text) refers to usart.o(.text) for uart_init
    main.o(.text) refers to led.o(.text) for LED_Init
    main.o(.text) refers to beep.o(.text) for BEEP_Init
    main.o(.text) refers to key.o(.text) for KEY_Init
    main.o(.text) refers to timer.o(.text) for Timerx_Init
    main.o(.text) refers to ultrasonicwave.o(.text) for UltrasonicWave_Configuration
    system_stm32f10x.o(.text) refers to system_stm32f10x.o(.data) for SystemCoreClock
    led.o(.text) refers to stm32f10x_rcc.o(.text) for RCC_APB2PeriphClockCmd
    led.o(.text) refers to stm32f10x_gpio.o(.text) for GPIO_Init
    key.o(.text) refers to stm32f10x_rcc.o(.text) for RCC_APB2PeriphClockCmd
    key.o(.text) refers to stm32f10x_gpio.o(.text) for GPIO_Init
    key.o(.text) refers to delay.o(.text) for delay_ms
    key.o(.text) refers to key.o(.data) for key_up
    wdg.o(.text) refers to stm32f10x_iwdg.o(.text) for IWDG_WriteAccessCmd
    wdg.o(.text) refers to misc.o(.text) for NVIC_Init
    wdg.o(.text) refers to stm32f10x_rcc.o(.text) for RCC_APB1PeriphClockCmd
    wdg.o(.text) refers to stm32f10x_wwdg.o(.text) for WWDG_SetPrescaler
    timer.o(.text) refers to stm32f10x_rcc.o(.text) for RCC_APB1PeriphClockCmd
    timer.o(.text) refers to stm32f10x_tim.o(.text) for TIM_TimeBaseInit
    timer.o(.text) refers to misc.o(.text) for NVIC_Init
    timer.o(.text) refers to stm32f10x_gpio.o(.text) for GPIO_Init
    ultrasonicwave.o(.text) refers to _printf_percent.o(.ARM.Collect$$_printf_percent$$00000000) for _printf_percent
    ultrasonicwave.o(.text) refers to _printf_f.o(.ARM.Collect$$_printf_percent$$00000003) for _printf_f
    ultrasonicwave.o(.text) refers to printf1.o(x$fpl$printf1) for _printf_fp_dec
    ultrasonicwave.o(.text) refers to stm32f10x_gpio.o(.text) for GPIO_PinRemapConfig
    ultrasonicwave.o(.text) refers to stm32f10x_rcc.o(.text) for RCC_APB2PeriphClockCmd
    ultrasonicwave.o(.text) refers to stm32f10x_exti.o(.text) for EXTI_Init
    ultrasonicwave.o(.text) refers to misc.o(.text) for NVIC_Init
    ultrasonicwave.o(.text) refers to delay.o(.text) for delay_us
    ultrasonicwave.o(.text) refers to stm32f10x_tim.o(.text) for TIM_SetCounter
    ultrasonicwave.o(.text) refers to dflt_clz.o(x$fpl$dflt) for __aeabi_i2d
    ultrasonicwave.o(.text) refers to ddiv.o(x$fpl$ddiv) for __aeabi_ddiv
    ultrasonicwave.o(.text) refers to drleqf.o(x$fpl$drleqf) for __aeabi_cdrcmple
    ultrasonicwave.o(.text) refers to dleqf.o(x$fpl$dleqf) for __aeabi_cdcmple
    ultrasonicwave.o(.text) refers to daddsub_clz.o(x$fpl$dadd) for __aeabi_dadd
    ultrasonicwave.o(.text) refers to daddsub_clz.o(x$fpl$drsb) for __aeabi_drsub
    ultrasonicwave.o(.text) refers to ultrasonicwave.o(.data) for UltrasonicWave_Distance
    ultrasonicwave.o(.text) refers to noretval__2printf.o(.text) for __2printf
    ultrasonicwave.o(.text) refers to dmul.o(x$fpl$dmul) for __aeabi_dmul
    ultrasonicwave.o(.text) refers to motor.o(.text) for stop
    ultrasonicwave.o(.text) refers to daddsub_clz.o(x$fpl$dsub) for __aeabi_dsub
    beep.o(.text) refers to stm32f10x_rcc.o(.text) for RCC_APB2PeriphClockCmd
    beep.o(.text) refers to stm32f10x_gpio.o(.text) for GPIO_Init
    motor.o(.text) refers to stm32f10x_tim.o(.text) for TIM_SetCompare2
    motor.o(.text) refers to stm32f10x_gpio.o(.text) for GPIO_SetBits
    motor.o(.text) refers to delay.o(.text) for delay_ms
    delay.o(.text) refers to misc.o(.text) for SysTick_CLKSourceConfig
    delay.o(.text) refers to delay.o(.data) for fac_us
    sys.o(.text) refers to misc.o(.text) for NVIC_PriorityGroupConfig
    usart.o(.text) refers (Special) to use_no_semi_2.o(.text) for __use_no_semihosting
    usart.o(.text) refers to stm32f10x_rcc.o(.text) for RCC_APB2PeriphClockCmd
    usart.o(.text) refers to stm32f10x_gpio.o(.text) for GPIO_Init
    usart.o(.text) refers to misc.o(.text) for NVIC_Init
    usart.o(.text) refers to stm32f10x_usart.o(.text) for USART_Init
    usart.o(.text) refers to usart.o(.data) for USART_RX_STA
    usart.o(.text) refers to usart.o(.bss) for USART_RX_BUF
    usart.o(.bss) refers (Special) to use_no_semi_2.o(.text) for __use_no_semihosting
    usart.o(.data) refers (Special) to use_no_semi_2.o(.text) for __use_no_semihosting
    startup_stm32f10x_md.o(STACK) refers (Special) to heapauxi.o(.text) for __use_two_region_memory
    startup_stm32f10x_md.o(HEAP) refers (Special) to heapauxi.o(.text) for __use_two_region_memory
    startup_stm32f10x_md.o(RESET) refers (Special) to heapauxi.o(.text) for __use_two_region_memory
    startup_stm32f10x_md.o(RESET) refers to startup_stm32f10x_md.o(STACK) for __initial_sp
    startup_stm32f10x_md.o(RESET) refers to startup_stm32f10x_md.o(.text) for Reset_Handler
[...]
    ../clib/armsys.c                         0x00000000   Number         0  no_argv.o ABSOLUTE
    ../clib/armsys.c                         0x00000000   Number         0  argv_veneer.o ABSOLUTE
    ../clib/armsys.c                         0x00000000   Number         0  argv_veneer.o ABSOLUTE
    ../clib/armsys.c                         0x00000000   Number         0  _get_argv_nomalloc.o ABSOLUTE
    ../clib/bigflt.c                         0x00000000   Number         0  bigflt0.o ABSOLUTE
    ../clib/btod.s                           0x00000000   Number         0  btod.o ABSOLUTE
    ../clib/heapalloc.c                      0x00000000   Number         0  hrguard.o ABSOLUTE
    ../clib/heapaux.c                        0x00000000   Number         0  heapauxi.o ABSOLUTE
    ../clib/libinit.s                        0x00000000   Number         0  libinit.o ABSOLUTE
    ../clib/libinit.s                        0x00000000   Number         0  libshutdown2.o ABSOLUTE
    ../clib/libinit.s                        0x00000000   Number         0  libshutdown.o ABSOLUTE
    ../clib/libinit.s                        0x00000000   Number         0  libinit2.o ABSOLUTE
    ../clib/locale.s                         0x00000000   Number         0  lc_numeric_c.o ABSOLUTE
    ../clib/longlong.s                       0x00000000   Number         0  lludiv10.o ABSOLUTE
    ../clib/memcpset.s                       0x00000000   Number         0  strcmpv7m.o ABSOLUTE
    ../clib/misc.s                           0x00000000   Number         0  printf_stubs.o ABSOLUTE
    ../clib/printf.c                         0x00000000   Number         0  __printf_flags.o ABSOLUTE
    ../clib/printf.c                         0x00000000   Number         0  __printf_ss.o ABSOLUTE
    ../clib/printf.c                         0x00000000   Number         0  __printf_flags_ss.o ABSOLUTE
    ../clib/printf.c                         0x00000000   Number         0  __printf_flags_wp.o ABSOLUTE
    ../clib/printf.c                         0x00000000   Number         0  __printf_ss_wp.o ABSOLUTE
    ../clib/printf.c                         0x00000000   Number         0  __printf_flags_ss_wp.o ABSOLUTE
    ../clib/printf.c                         0x00000000   Number         0  _printf_fp_infnan.o ABSOLUTE
    ../clib/printf.c                         0x00000000   Number         0  _printf_char_common.o ABSOLUTE
    ../clib/printf.c                         0x00000000   Number         0  __printf_nopercent.o ABSOLUTE
    ../clib/printf.c                         0x00000000   Number         0  __printf_wp.o ABSOLUTE
    ../clib/printf.c                         0x00000000   Number         0  _printf_char_file.o ABSOLUTE
    ../clib/printf.c                         0x00000000   Number         0  _printf_fp_dec.o ABSOLUTE
    ../clib/printf.c                         0x00000000   Number         0  __2printf.o ABSOLUTE
    ../clib/printf.c                         0x00000000   Number         0  noretval__2printf.o ABSOLUTE
    ../clib/printf.c                         0x00000000   Number         0  __printf.o ABSOLUTE
    ../clib/printf_percent.s                 0x00000000   Number         0  _printf_f.o ABSOLUTE
    ../clib/printf_percent.s                 0x00000000   Number         0  _printf_percent_end.o ABSOLUTE
    ../clib/printf_percent.s                 0x00000000   Number         0  _printf_percent.o ABSOLUTE
    ../clib/signal.c                         0x00000000   Number         0  defsig_abrt_inner.o ABSOLUTE
    ../clib/signal.c                         0x00000000   Number         0  defsig_general.o ABSOLUTE
    ../clib/signal.c                         0x00000000   Number         0  __raise.o ABSOLUTE
    ../clib/signal.c                         0x00000000   Number         0  defsig_rtmem_inner.o ABSOLUTE
    ../clib/signal.c                         0x00000000   Number         0  defsig_exit.o ABSOLUTE
    ../clib/signal.c                         0x00000000   Number         0  defsig_rtmem_formal.o ABSOLUTE
    ../clib/signal.c                         0x00000000   Number         0  defsig_rtmem_outer.o ABSOLUTE
    ../clib/signal.c                         0x00000000   Number         0  defsig_other.o ABSOLUTE
    ../clib/signal.c                         0x00000000   Number         0  defsig_segv_inner.o ABSOLUTE
    ../clib/signal.c                         0x00000000   Number         0  defsig_cppl_inner.o ABSOLUTE
    ../clib/signal.c                         0x00000000   Number         0  defsig_pvfn_inner.o ABSOLUTE
    ../clib/signal.c                         0x00000000   Number         0  defsig_stak_inner.o ABSOLUTE
    ../clib/signal.c                         0x00000000   Number         0  defsig_rtred_inner.o ABSOLUTE
    ../clib/signal.c                         0x00000000   Number         0  defsig_fpe_inner.o ABSOLUTE
    ../clib/signal.s                         0x00000000   Number         0  defsig.o ABSOLUTE
    ../clib/stdio.c                          0x00000000   Number         0  ferror.o ABSOLUTE
    ../clib/stdio.c                          0x00000000   Number         0  ferror_locked.o ABSOLUTE
    ../clib/stdlib.c                         0x00000000   Number         0  exit.o ABSOLUTE
    ../fplib/daddsub.s                       0x00000000   Number         0  daddsub_clz.o ABSOLUTE
    ../fplib/dcmpi.s                         0x00000000   Number         0  dcmpi.o ABSOLUTE
    ../fplib/ddiv.s                          0x00000000   Number         0  ddiv.o ABSOLUTE
    ../fplib/dflt.s                          0x00000000   Number         0  dflt_clz.o ABSOLUTE
    ../fplib/dleqf.s                         0x00000000   Number         0  dleqf.o ABSOLUTE
    ../fplib/dmul.s                          0x00000000   Number         0  dmul.o ABSOLUTE
    ../fplib/dnaninf.s                       0x00000000   Number         0  dnaninf.o ABSOLUTE
    ../fplib/dretinf.s                       0x00000000   Number         0  dretinf.o ABSOLUTE
    ../fplib/drleqf.s                        0x00000000   Number         0  drleqf.o ABSOLUTE
    ../fplib/fpinit.s                        0x00000000   Number         0  fpinit.o ABSOLUTE
    ../fplib/istatus.s                       0x00000000   Number         0  istatus.o ABSOLUTE
    ../fplib/printf1.s                       0x00000000   Number         0  printf1.o ABSOLUTE
    ../fplib/usenofp.s                       0x00000000   Number         0  usenofp.o ABSOLUTE
    ../mathlib/fpclassify.c                  0x00000000   Number         0  fpclassify.o ABSOLUTE
    ..\CORE\core_cm3.c                       0x00000000   Number         0  core_cm3.o ABSOLUTE
    ..\CORE\startup_stm32f10x_md.s           0x00000000   Number         0  startup_stm32f10x_md.o ABSOLUTE
    ..\HARDWARE\BEEP\beep.c                  0x00000000   Number         0  beep.o ABSOLUTE
    ..\HARDWARE\KEY\key.c                    0x00000000   Number         0  key.o ABSOLUTE
    ..\HARDWARE\LED\led.c                    0x00000000   Number         0  led.o ABSOLUTE
    ..\HARDWARE\MOTOR\motor.c                0x00000000   Number         0  motor.o ABSOLUTE
    ..\HARDWARE\TIMER\timer.c                0x00000000   Number         0  timer.o ABSOLUTE
    ..\HARDWARE\UltrasonicWave\UltrasonicWave.c 0x00000000   Number         0  ultrasonicwave.o ABSOLUTE
    ..\HARDWARE\WDG\wdg.c                    0x00000000   Number         0  wdg.o ABSOLUTE
    ..\STM32F10x_FWLib\src\misc.c            0x00000000   Number         0  misc.o ABSOLUTE
    ..\STM32F10x_FWLib\src\stm32f10x_adc.c   0x00000000   Number         0  stm32f10x_adc.o ABSOLUTE
    ..\STM32F10x_FWLib\src\stm32f10x_bkp.c   0x00000000   Number         0  stm32f10x_bkp.o ABSOLUTE
    ..\STM32F10x_FWLib\src\stm32f10x_can.c   0x00000000   Number         0  stm32f10x_can.o ABSOLUTE
    ..\STM32F10x_FWLib\src\stm32f10x_cec.c   0x00000000   Number         0  stm32f10x_cec.o ABSOLUTE
    ..\STM32F10x_FWLib\src\stm32f10x_crc.c   0x00000000   Number         0  stm32f10x_crc.o ABSOLUTE
    ..\STM32F10x_FWLib\src\stm32f10x_dac.c   0x00000000   Number         0  stm32f10x_dac.o ABSOLUTE
    ..\STM32F10x_FWLib\src\stm32f10x_dbgmcu.c 0x00000000   Number         0  stm32f10x_dbgmcu.o ABSOLUTE
    ..\STM32F10x_FWLib\src\stm32f10x_dma.c   0x00000000   Number         0  stm32f10x_dma.o ABSOLUTE
    ..\STM32F10x_FWLib\src\stm32f10x_exti.c  0x00000000   Number         0  stm32f10x_exti.o ABSOLUTE
    ..\STM32F10x_FWLib\src\stm32f10x_flash.c 0x00000000   Number         0  stm32f10x_flash.o ABSOLUTE
    ..\STM32F10x_FWLib\src\stm32f10x_fsmc.c  0x00000000   Number         0  stm32f10x_fsmc.o ABSOLUTE
    ..\STM32F10x_FWLib\src\stm32f10x_gpio.c  0x00000000   Number         0  stm32f10x_gpio.o ABSOLUTE
    ..\STM32F10x_FWLib\src\stm32f10x_i2c.c   0x00000000   Number         0  stm32f10x_i2c.o ABSOLUTE
    ..\STM32F10x_FWLib\src\stm32f10x_iwdg.c  0x00000000   Number         0  stm32f10x_iwdg.o ABSOLUTE
    ..\STM32F10x_FWLib\src\stm32f10x_pwr.c   0x00000000   Number         0  stm32f10x_pwr.o ABSOLUTE
    ..\STM32F10x_FWLib\src\stm32f10x_rcc.c   0x00000000   Number         0  stm32f10x_rcc.o ABSOLUTE
    ..\STM32F10x_FWLib\src\stm32f10x_rtc.c   0x00000000   Number         0  stm32f10x_rtc.o ABSOLUTE
    ..\STM32F10x_FWLib\src\stm32f10x_sdio.c  0x00000000   Number         0  stm32f10x_sdio.o ABSOLUTE
    ..\STM32F10x_FWLib\src\stm32f10x_spi.c   0x00000000   Number         0  stm32f10x_spi.o ABSOLUTE
    ..\STM32F10x_FWLib\src\stm32f10x_tim.c   0x00000000   Number         0  stm32f10x_tim.o ABSOLUTE
    ..\STM32F10x_FWLib\src\stm32f10x_usart.c 0x00000000   Number         0  stm32f10x_usart.o ABSOLUTE
    ..\STM32F10x_FWLib\src\stm32f10x_wwdg.c  0x00000000   Number         0  stm32f10x_wwdg.o ABSOLUTE
    ..\SYSTEM\delay\delay.c                  0x00000000   Number         0  delay.o ABSOLUTE
    ..\SYSTEM\sys\sys.c                      0x00000000   Number         0  sys.o ABSOLUTE
    ..\SYSTEM\usart\usart.c                  0x00000000   Number         0  usart.o ABSOLUTE
    ..\\CORE\\core_cm3.c                     0x00000000   Number         0  core_cm3.o ABSOLUTE
    dc.s                                     0x00000000   Number         0  dc.o ABSOLUTE
    main.c                                   0x00000000   Number         0  main.o ABSOLUTE
    stm32f10x_it.c                           0x00000000   Number         0  stm32f10x_it.o ABSOLUTE
    system_stm32f10x.c                       0x00000000   Number         0  system_stm32f10x.o ABSOLUTE
    RESET                                    0x08000000   Section      236  startup_stm32f10x_md.o(RESET)
    !!!main                                  0x080000ec   Section        8  __main.o(!!!main)
    !!!scatter                               0x080000f4   Section       52  __scatter.o(!!!scatter)
    !!handler_copy                           0x08000128   Section       26  __scatter_copy.o(!!handler_copy)
    !!handler_zi                             0x08000144   Section       28  __scatter_zi.o(!!handler_zi)
    .ARM.Collect$$_printf_percent$$00000000  0x08000160   Section        0  _printf_percent.o(.ARM.Collect$$_printf_percent$$00000000)
    .ARM.Collect$$_printf_percent$$00000003  0x08000160   Section        6  _printf_f.o(.ARM.Collect$$_printf_percent$$00000003)
    .ARM.Collect$$_printf_percent$$00000017  0x08000166   Section        4  _printf_percent_end.o(.ARM.Collect$$_printf_percent$$00000017)
    .ARM.Collect$$libinit$$00000000          0x0800016a   Section        2  libinit.o(.ARM.Collect$$libinit$$00000000)
    .ARM.Collect$$libinit$$00000002          0x0800016c   Section        0  libinit2.o(.ARM.Collect$$libinit$$00000002)
    .ARM.Collect$$libinit$$00000004          0x0800016c   Section        0  libinit2.o(.ARM.Collect$$libinit$$00000004)
    .ARM.Collect$$libinit$$0000000A          0x0800016c   Section        0  libinit2.o(.ARM.Collect$$libinit$$0000000A)
    .ARM.Collect$$libinit$$0000000C          0x0800016c   Section        0  libinit2.o(.ARM.Collect$$libinit$$0000000C)
    .ARM.Collect$$libinit$$0000000E          0x0800016c   Section        0  libinit2.o(.ARM.Collect$$libinit$$0000000E)
    .ARM.Collect$$libinit$$0000000F          0x0800016c   Section        6  libinit2.o(.ARM.Collect$$libinit$$0000000F)
    .ARM.Collect$$libinit$$00000011          0x08000172   Section        0  libinit2.o(.ARM.Collect$$libinit$$00000011)
    .ARM.Collect$$libinit$$00000013          0x08000172   Section        0  libinit2.o(.ARM.Collect$$libinit$$00000013)
    .ARM.Collect$$libinit$$00000015          0x08000172   Section        0  libinit2.o(.ARM.Collect$$libinit$$00000015)
    .ARM.Collect$$libinit$$00000016          0x08000172   Section       10  libinit2.o(.ARM.Collect$$libinit$$00000016)
    .ARM.Collect$$libinit$$00000017          0x0800017c   Section        0  libinit2.o(.ARM.Collect$$libinit$$00000017)
    .ARM.Collect$$libinit$$00000019          0x0800017c   Section        0  libinit2.o(.ARM.Collect$$libinit$$00000019)
    .ARM.Collect$$libinit$$0000001B          0x0800017c   Section        0  libinit2.o(.ARM.Collect$$libinit$$0000001B)
    .ARM.Collect$$libinit$$0000001D          0x0800017c   Section        0  libinit2.o(.ARM.Collect$$libinit$$0000001D)
    .ARM.Collect$$libinit$$0000001F          0x0800017c   Section        0  libinit2.o(.ARM.Collect$$libinit$$0000001F)
    .ARM.Collect$$libinit$$00000021          0x0800017c   Section        0  libinit2.o(.ARM.Collect$$libinit$$00000021)
    .ARM.Collect$$libinit$$00000023          0x0800017c   Section        0  libinit2.o(.ARM.Collect$$libinit$$00000023)
    .ARM.Collect$$libinit$$00000025          0x0800017c   Section        0  libinit2.o(.ARM.Collect$$libinit$$00000025)
    .ARM.Collect$$libinit$$0000002C          0x0800017c   Section        0  libinit2.o(.ARM.Collect$$libinit$$0000002C)
    .ARM.Collect$$libinit$$0000002E          0x0800017c   Section        0  libinit2.o(.ARM.Collect$$libinit$$0000002E)
    .ARM.Collect$$libinit$$00000030          0x0800017c   Section        0  libinit2.o(.ARM.Collect$$libinit$$00000030)
    .ARM.Collect$$libinit$$00000032          0x0800017c   Section        0  libinit2.o(.ARM.Collect$$libinit$$00000032)
    .ARM.Collect$$libinit$$00000033          0x0800017c   Section        2  libinit2.o(.ARM.Collect$$libinit$$00000033)
    .ARM.Collect$$libshutdown$$00000000      0x0800017e   Section        2  libshutdown.o(.ARM.Collect$$libshutdown$$00000000)
    .ARM.Collect$$libshutdown$$00000002      0x08000180   Section        0  libshutdown2.o(.ARM.Collect$$libshutdown$$00000002)
    .ARM.Collect$$libshutdown$$00000004      0x08000180   Section        0  libshutdown2.o(.ARM.Collect$$libshutdown$$00000004)
    .ARM.Collect$$libshutdown$$00000007      0x08000180   Section        0  libshutdown2.o(.ARM.Collect$$libshutdown$$00000007)
    .ARM.Collect$$libshutdown$$0000000A      0x08000180   Section        0  libshutdown2.o(.ARM.Collect$$libshutdown$$0000000A)
    .ARM.Collect$$libshutdown$$0000000C      0x08000180   Section        0  libshutdown2.o(.ARM.Collect$$libshutdown$$0000000C)
    .ARM.Collect$$libshutdown$$0000000F      0x08000180   Section        0  libshutdown2.o(.ARM.Collect$$libshutdown$$0000000F)
    .ARM.Collect$$libshutdown$$00000010      0x08000180   Section        2  libshutdown2.o(.ARM.Collect$$libshutdown$$00000010)
    .ARM.Collect$$rtentry$$00000000          0x08000182   Section        0  __rtentry.o(.ARM.Collect$$rtentry$$00000000)
    .ARM.Collect$$rtentry$$00000002          0x08000182   Section        0  __rtentry2.o(.ARM.Collect$$rtentry$$00000002)
    .ARM.Collect$$rtentry$$00000004          0x08000182   Section        6  __rtentry4.o(.ARM.Collect$$rtentry$$00000004)
    .ARM.Collect$$rtentry$$00000009          0x08000188   Section        0  __rtentry2.o(.ARM.Collect$$rtentry$$00000009)
    .ARM.Collect$$rtentry$$0000000A          0x08000188   Section        4  __rtentry2.o(.ARM.Collect$$rtentry$$0000000A)
    .ARM.Collect$$rtentry$$0000000C          0x0800018c   Section        0  __rtentry2.o(.ARM.Collect$$rtentry$$0000000C)
    .ARM.Collect$$rtentry$$0000000D          0x0800018c   Section        8  __rtentry2.o(.ARM.Collect$$rtentry$$0000000D)
    .ARM.Collect$$rtexit$$00000000           0x08000194   Section        2  rtexit.o(.ARM.Collect$$rtexit$$00000000)
    .ARM.Collect$$rtexit$$00000002           0x08000196   Section        0  rtexit2.o(.ARM.Collect$$rtexit$$00000002)
    .ARM.Collect$$rtexit$$00000003           0x08000196   Section        4  rtexit2.o(.ARM.Collect$$rtexit$$00000003)
    .ARM.Collect$$rtexit$$00000004           0x0800019a   Section        6  rtexit2.o(.ARM.Collect$$rtexit$$00000004)
    .text                                    0x080001a0   Section        0  main.o(.text)
    .text                                    0x080001ea   Section        0  stm32f10x_it.o(.text)
    .text                                    0x08000204   Section        0  system_stm32f10x.o(.text)
    SetSysClockTo72                          0x08000205   Thumb Code   214  system_stm32f10x.o(.text)
    SetSysClock                              0x080002db   Thumb Code     8  system_stm32f10x.o(.text)
    .text                                    0x080003e4   Section        0  led.o(.text)
    .text                                    0x08000448   Section        0  key.o(.text)
    .text                                    0x08000530   Section        0  wdg.o(.text)
    .text                                    0x080005d8   Section        0  timer.o(.text)
    .text                                    0x080007d0   Section        0  ultrasonicwave.o(.text)
    .text                                    0x08000d64   Section        0  beep.o(.text)
    .text                                    0x08000d9c   Section        0  motor.o(.text)
    .text                                    0x08000ec8   Section        0  delay.o(.text)
    .text                                    0x08000f74   Section        0  sys.o(.text)
    .text                                    0x08000f80   Section        0  usart.o(.text)
    .text                                    0x080010c0   Section       64  startup_stm32f10x_md.o(.text)
    .text                                    0x08001100   Section        0  misc.o(.text)
    .text                                    0x080011dc   Section        0  stm32f10x_exti.o(.text)
    .text                                    0x080012f8   Section        0  stm32f10x_gpio.o(.text)
    .text                                    0x08001654   Section        0  stm32f10x_iwdg.o(.text)
    .text                                    0x08001694   Section        0  stm32f10x_rcc.o(.text)
    .text                                    0x08001a38   Section        0  stm32f10x_tim.o(.text)
    TI4_Config                               0x08001edf   Thumb Code   130  stm32f10x_tim.o(.text)
    TI3_Config                               0x08001f73   Thumb Code   122  stm32f10x_tim.o(.text)
    TI2_Config                               0x08002007   Thumb Code   130  stm32f10x_tim.o(.text)
    TI1_Config                               0x0800209b   Thumb Code   108  stm32f10x_tim.o(.text)
    .text                                    0x08002854   Section        0  stm32f10x_usart.o(.text)
    .text                                    0x08002c5c   Section        0  stm32f10x_wwdg.o(.text)
    .text                                    0x08002ce4   Section        2  use_no_semi_2.o(.text)
    .text                                    0x08002ce8   Section        0  noretval__2printf.o(.text)
    .text                                    0x08002d00   Section        0  __printf_ss_wp.o(.text)
    .text                                    0x08002e60   Section        0  heapauxi.o(.text)
    .text                                    0x08002e66   Section        2  use_no_semi.o(.text)
    .text                                    0x08002e68   Section        0  _printf_fp_dec.o(.text)
    _fp_digits                               0x08002e6b   Thumb Code   432  _printf_fp_dec.o(.text)
    .text                                    0x08003288   Section        0  _printf_char_file.o(.text)
    .text                                    0x080032ac   Section        8  rt_locale_intlibspace.o(.text)
    .text                                    0x080032b4   Section      138  lludiv10.o(.text)
    .text                                    0x08003340   Section        0  _printf_char_common.o(.text)
    _printf_input_char                       0x08003341   Thumb Code    10  _printf_char_common.o(.text)
    .text                                    0x08003370   Section        0  _printf_fp_infnan.o(.text)
    .text                                    0x080033f0   Section        0  bigflt0.o(.text)
    .text                                    0x080034d4   Section        0  ferror.o(.text)
    .text                                    0x080034dc   Section        8  libspace.o(.text)
    .text                                    0x080034e4   Section       74  sys_stackheap_outer.o(.text)
    .text                                    0x0800352e   Section        0  exit.o(.text)
    .text                                    0x08003540   Section      128  strcmpv7m.o(.text)
    CL$$btod_d2e                             0x080035c0   Section       62  btod.o(CL$$btod_d2e)
    CL$$btod_d2e_denorm_low                  0x080035fe   Section       70  btod.o(CL$$btod_d2e_denorm_low)
    CL$$btod_d2e_norm_op1                    0x08003644   Section       96  btod.o(CL$$btod_d2e_norm_op1)
    CL$$btod_div_common                      0x080036a4   Section      824  btod.o(CL$$btod_div_common)
    CL$$btod_e2e                             0x080039dc   Section      220  btod.o(CL$$btod_e2e)
    CL$$btod_ediv                            0x08003ab8   Section       42  btod.o(CL$$btod_ediv)
    CL$$btod_emul                            0x08003ae2   Section       42  btod.o(CL$$btod_emul)
    CL$$btod_mult_common                     0x08003b0c   Section      580  btod.o(CL$$btod_mult_common)
    i.__ARM_fpclassify                       0x08003d50   Section        0  fpclassify.o(i.__ARM_fpclassify)
    i._is_digit                              0x08003d78   Section        0  __printf_wp.o(i._is_digit)
    locale$$code                             0x08003d88   Section       44  lc_numeric_c.o(locale$$code)
    x$fpl$dadd                               0x08003db4   Section      336  daddsub_clz.o(x$fpl$dadd)
    _dadd1                                   0x08003dc5   Thumb Code     0  daddsub_clz.o(x$fpl$dadd)
    x$fpl$dcmpinf                            0x08003f04   Section       24  dcmpi.o(x$fpl$dcmpinf)
    x$fpl$ddiv                               0x08003f1c   Section      688  ddiv.o(x$fpl$ddiv)
    ddiv_entry                               0x08003f23   Thumb Code     0  ddiv.o(x$fpl$ddiv)
    x$fpl$dflt                               0x080041cc   Section       46  dflt_clz.o(x$fpl$dflt)
    x$fpl$dleqf                              0x080041fc   Section      120  dleqf.o(x$fpl$dleqf)
    x$fpl$dmul                               0x08004274   Section      340  dmul.o(x$fpl$dmul)
    x$fpl$dnaninf                            0x080043c8   Section      156  dnaninf.o(x$fpl$dnaninf)
    x$fpl$dretinf                            0x08004464   Section       12  dretinf.o(x$fpl$dretinf)
    x$fpl$drleqf                             0x08004470   Section      108  drleqf.o(x$fpl$drleqf)
    x$fpl$drsb                               0x080044dc   Section       22  daddsub_clz.o(x$fpl$drsb)
    x$fpl$dsub                               0x080044f4   Section      468  daddsub_clz.o(x$fpl$dsub)
    _dsub1                                   0x08004505   Thumb Code     0  daddsub_clz.o(x$fpl$dsub)
    x$fpl$printf1                            0x080046c8   Section        4  printf1.o(x$fpl$printf1)
    .constdata                               0x080046cc   Section      148  bigflt0.o(.constdata)
    x$fpl$usenofp                            0x080046cc   Section        0  usenofp.o(x$fpl$usenofp)
    tenpwrs_x                                0x080046cc   Data          60  bigflt0.o(.constdata)
    tenpwrs_i                                0x08004708   Data          64  bigflt0.o(.constdata)
    locale$$data                             0x08004780   Section       28  lc_numeric_c.o(locale$$data)
    __lcnum_c_name                           0x08004784   Data           2  lc_numeric_c.o(locale$$data)
    __lcnum_c_start                          0x0800478c   Data           0  lc_numeric_c.o(locale$$data)
    __lcnum_c_point                          0x08004798   Data           0  lc_numeric_c.o(locale$$data)
    __lcnum_c_thousands                      0x0800479a   Data           0  lc_numeric_c.o(locale$$data)
    __lcnum_c_grouping                       0x0800479b   Data           0  lc_numeric_c.o(locale$$data)
    __lcnum_c_end                            0x0800479c   Data           0  lc_numeric_c.o(locale$$data)
    .data                                    0x20000000   Section       20  system_stm32f10x.o(.data)
    .data                                    0x20000014   Section        1  key.o(.data)
    key_up                                   0x20000014   Data           1  key.o(.data)
    .data                                    0x20000018   Section       52  ultrasonicwave.o(.data)
    .data                                    0x2000004c   Section        4  delay.o(.data)
    fac_us                                   0x2000004c   Data           1  delay.o(.data)
    fac_ms                                   0x2000004e   Data           2  delay.o(.data)
    .data                                    0x20000050   Section        5  usart.o(.data)
    .data                                    0x20000055   Section       20  stm32f10x_rcc.o(.data)
    APBAHBPrescTable                         0x20000055   Data          16  stm32f10x_rcc.o(.data)
    ADCPrescTable                            0x20000065   Data           4  stm32f10x_rcc.o(.data)
    .bss                                     0x2000006c   Section       64  usart.o(.bss)
    .bss                                     0x200000ac   Section       96  libspace.o(.bss)
    HEAP                                     0x20000110   Section      512  startup_stm32f10x_md.o(HEAP)
    Heap_Mem                                 0x20000110   Data         512  startup_stm32f10x_md.o(HEAP)
    STACK                                    0x20000310   Section     1024  startup_stm32f10x_md.o(STACK)
    Stack_Mem                                0x20000310   Data        1024  startup_stm32f10x_md.o(STACK)
    __initial_sp                             0x20000710   Data           0  startup_stm32f10x_md.o(STACK)

    Global Symbols

    Symbol Name                              Value     Ov Type        Size  Object(Section)

    BuildAttributes$$THM_ISAv4$P$D$K$B$S$PE$A:L22UL41UL21$X:L11$S22US41US21$IEEE1$IW$USESV6$~STKCKD$USESV7$~SHL$OTIME$ROPI$IEEEJ$EBA8$UX$STANDARDLIB$REQ8$PRES8$EABIv2 0x00000000   Number         0  anon$$obj.o ABSOLUTE
    __ARM_use_no_argv                        0x00000000   Number         0  main.o ABSOLUTE
    _printf_flags                            0x00000000   Number         0  printf_stubs.o ABSOLUTE
    _printf_return_value                     0x00000000   Number         0  printf_stubs.o ABSOLUTE
    _printf_sizespec                         0x00000000   Number         0  printf_stubs.o ABSOLUTE
    _printf_widthprec                        0x00000000   Number         0  printf_stubs.o ABSOLUTE
    __ARM_exceptions_init                     - Undefined Weak Reference
    __alloca_initialize                       - Undefined Weak Reference
    __arm_preinit_                            - Undefined Weak Reference
    __cpp_initialize__aeabi_                  - Undefined Weak Reference
    __cxa_finalize                            - Undefined Weak Reference
    __sigvec_lookup                           - Undefined Weak Reference
    _atexit_init                              - Undefined Weak Reference
    _call_atexit_fns                          - Undefined Weak Reference
    _clock_init                               - Undefined Weak Reference
    _fp_trap_init                             - Undefined Weak Reference
    _fp_trap_shutdown                         - Undefined Weak Reference
    _get_lc_collate                           - Undefined Weak Reference
    _get_lc_ctype                             - Undefined Weak Reference
    _get_lc_monetary                          - Undefined Weak Reference
    _get_lc_time                              - Undefined Weak Reference
    _getenv_init                              - Undefined Weak Reference
    _handle_redirection                       - Undefined Weak Reference
    _init_alloc                               - Undefined Weak Reference
    _init_user_alloc                          - Undefined Weak Reference
    _initio                                   - Undefined Weak Reference
    _mutex_acquire                            - Undefined Weak Reference
    _mutex_release                            - Undefined Weak Reference
    _printf_post_padding                      - Undefined Weak Reference
    _printf_pre_padding                       - Undefined Weak Reference
    _rand_init                                - Undefined Weak Reference
    _signal_finish                            - Undefined Weak Reference
    _signal_init                              - Undefined Weak Reference
    _terminate_alloc                          - Undefined Weak Reference
    _terminate_user_alloc                     - Undefined Weak Reference
    _terminateio                              - Undefined Weak Reference
    __Vectors_Size                           0x000000ec   Number         0  startup_stm32f10x_md.o ABSOLUTE
    __Vectors                                0x08000000   Data           4  startup_stm32f10x_md.o(RESET)
    __Vectors_End                            0x080000ec   Data           0  startup_stm32f10x_md.o(RESET)
    __main                                   0x080000ed   Thumb Code     8  __main.o(!!!main)
    __scatterload                            0x080000f5   Thumb Code     0  __scatter.o(!!!scatter)
    __scatterload_rt2                        0x080000f5   Thumb Code    44  __scatter.o(!!!scatter)
    __scatterload_rt2_thumb_only             0x080000f5   Thumb Code     0  __scatter.o(!!!scatter)
    __scatterload_null                       0x08000103   Thumb Code     0  __scatter.o(!!!scatter)
    __scatterload_copy                       0x08000129   Thumb Code    26  __scatter_copy.o(!!handler_copy)
    __scatterload_zeroinit                   0x08000145   Thumb Code    28  __scatter_zi.o(!!handler_zi)
    _printf_f                                0x08000161   Thumb Code     0  _printf_f.o(.ARM.Collect$$_printf_percent$$00000003)
    _printf_percent                          0x08000161   Thumb Code     0  _printf_percent.o(.ARM.Collect$$_printf_percent$$00000000)
    _printf_percent_end                      0x08000167   Thumb Code     0  _printf_percent_end.o(.ARM.Collect$$_printf_percent$$00000017)
    __rt_lib_init                            0x0800016b   Thumb Code     0  libinit.o(.ARM.Collect$$libinit$$00000000)
    __rt_lib_init_fp_1                       0x0800016d   Thumb Code     0  libinit2.o(.ARM.Collect$$libinit$$00000002)
    __rt_lib_init_heap_1                     0x0800016d   Thumb Code     0  libinit2.o(.ARM.Collect$$libinit$$0000000A)
    __rt_lib_init_lc_common                  0x0800016d   Thumb Code     0  libinit2.o(.ARM.Collect$$libinit$$0000000F)
    __rt_lib_init_preinit_1                  0x0800016d   Thumb Code     0  libinit2.o(.ARM.Collect$$libinit$$00000004)
    __rt_lib_init_rand_1                     0x0800016d   Thumb Code     0  libinit2.o(.ARM.Collect$$libinit$$0000000E)
    __rt_lib_init_user_alloc_1               0x0800016d   Thumb Code     0  libinit2.o(.ARM.Collect$$libinit$$0000000C)
    __rt_lib_init_lc_collate_1               0x08000173   Thumb Code     0  libinit2.o(.ARM.Collect$$libinit$$00000011)
    __rt_lib_init_lc_ctype_1                 0x08000173   Thumb Code     0  libinit2.o(.ARM.Collect$$libinit$$00000013)
    __rt_lib_init_lc_monetary_1              0x08000173   Thumb Code     0  libinit2.o(.ARM.Collect$$libinit$$00000015)
    __rt_lib_init_lc_numeric_2               0x08000173   Thumb Code     0  libinit2.o(.ARM.Collect$$libinit$$00000016)
    __rt_lib_init_alloca_1                   0x0800017d   Thumb Code     0  libinit2.o(.ARM.Collect$$libinit$$0000002E)
    __rt_lib_init_argv_1                     0x0800017d   Thumb Code     0  libinit2.o(.ARM.Collect$$libinit$$0000002C)
    __rt_lib_init_atexit_1                   0x0800017d   Thumb Code     0  libinit2.o(.ARM.Collect$$libinit$$0000001B)
    __rt_lib_init_clock_1                    0x0800017d   Thumb Code     0  libinit2.o(.ARM.Collect$$libinit$$00000021)
    __rt_lib_init_cpp_1                      0x0800017d   Thumb Code     0  libinit2.o(.ARM.Collect$$libinit$$00000032)
    __rt_lib_init_exceptions_1               0x0800017d   Thumb Code     0  libinit2.o(.ARM.Collect$$libinit$$00000030)
    __rt_lib_init_fp_trap_1                  0x0800017d   Thumb Code     0  libinit2.o(.ARM.Collect$$libinit$$0000001F)
    __rt_lib_init_getenv_1                   0x0800017d   Thumb Code     0  libinit2.o(.ARM.Collect$$libinit$$00000023)
    __rt_lib_init_lc_numeric_1               0x0800017d   Thumb Code     0  libinit2.o(.ARM.Collect$$libinit$$00000017)
    __rt_lib_init_lc_time_1                  0x0800017d   Thumb Code     0  libinit2.o(.ARM.Collect$$libinit$$00000019)
    __rt_lib_init_return                     0x0800017d   Thumb Code     0  libinit2.o(.ARM.Collect$$libinit$$00000033)
    __rt_lib_init_signal_1                   0x0800017d   Thumb Code     0  libinit2.o(.ARM.Collect$$libinit$$0000001D)
    __rt_lib_init_stdio_1                    0x0800017d   Thumb Code     0  libinit2.o(.ARM.Collect$$libinit$$00000025)
    __rt_lib_shutdown                        0x0800017f   Thumb Code     0  libshutdown.o(.ARM.Collect$$libshutdown$$00000000)
    __rt_lib_shutdown_cpp_1                  0x08000181   Thumb Code     0  libshutdown2.o(.ARM.Collect$$libshutdown$$00000002)
    __rt_lib_shutdown_fp_trap_1              0x08000181   Thumb Code     0  libshutdown2.o(.ARM.Collect$$libshutdown$$00000007)
    __rt_lib_shutdown_heap_1                 0x08000181   Thumb Code     0  libshutdown2.o(.ARM.Collect$$libshutdown$$0000000F)
    __rt_lib_shutdown_return                 0x08000181   Thumb Code     0  libshutdown2.o(.ARM.Collect$$libshutdown$$00000010)
    __rt_lib_shutdown_signal_1               0x08000181   Thumb Code     0  libshutdown2.o(.ARM.Collect$$libshutdown$$0000000A)
    __rt_lib_shutdown_stdio_1                0x08000181   Thumb Code     0  libshutdown2.o(.ARM.Collect$$libshutdown$$00000004)
    __rt_lib_shutdown_user_alloc_1           0x08000181   Thumb Code     0  libshutdown2.o(.ARM.Collect$$libshutdown$$0000000C)
    __rt_entry                               0x08000183   Thumb Code     0  __rtentry.o(.ARM.Collect$$rtentry$$00000000)
    __rt_entry_presh_1                       0x08000183   Thumb Code     0  __rtentry2.o(.ARM.Collect$$rtentry$$00000002)
    __rt_entry_sh                            0x08000183   Thumb Code     0  __rtentry4.o(.ARM.Collect$$rtentry$$00000004)
    __rt_entry_li                            0x08000189   Thumb Code     0  __rtentry2.o(.ARM.Collect$$rtentry$$0000000A)
    __rt_entry_postsh_1                      0x08000189   Thumb Code     0  __rtentry2.o(.ARM.Collect$$rtentry$$00000009)
    __rt_entry_main                          0x0800018d   Thumb Code     0  __rtentry2.o(.ARM.Collect$$rtentry$$0000000D)
    __rt_entry_postli_1                      0x0800018d   Thumb Code     0  __rtentry2.o(.ARM.Collect$$rtentry$$0000000C)
    __rt_exit                                0x08000195   Thumb Code     0  rtexit.o(.ARM.Collect$$rtexit$$00000000)
    __rt_exit_ls                             0x08000197   Thumb Code     0  rtexit2.o(.ARM.Collect$$rtexit$$00000003)
    __rt_exit_prels_1                        0x08000197   Thumb Code     0  rtexit2.o(.ARM.Collect$$rtexit$$00000002)
    __rt_exit_exit                           0x0800019b   Thumb Code     0  rtexit2.o(.ARM.Collect$$rtexit$$00000004)
    main                                     0x080001a1   Thumb Code    74  main.o(.text)
    NMI_Handler                              0x080001eb   Thumb Code     2  stm32f10x_it.o(.text)
    HardFault_Handler                        0x080001ed   Thumb Code     4  stm32f10x_it.o(.text)
    MemManage_Handler                        0x080001f1   Thumb Code     4  stm32f10x_it.o(.text)
    BusFault_Handler                         0x080001f5   Thumb Code     4  stm32f10x_it.o(.text)
    UsageFault_Handler                       0x080001f9   Thumb Code     4  stm32f10x_it.o(.text)
    SVC_Handler                              0x080001fd   Thumb Code     2  stm32f10x_it.o(.text)
    DebugMon_Handler                         0x080001ff   Thumb Code     2  stm32f10x_it.o(.text)
    PendSV_Handler                           0x08000201   Thumb Code     2  stm32f10x_it.o(.text)
    SysTick_Handler                          0x08000203   Thumb Code     2  stm32f10x_it.o(.text)
    SystemInit                               0x080002e3   Thumb Code    78  system_stm32f10x.o(.text)
    SystemCoreClockUpdate                    0x08000331   Thumb Code   142  system_stm32f10x.o(.text)
    LED_Init                                 0x080003e5   Thumb Code    92  led.o(.text)
    KEY_Init                                 0x08000449   Thumb Code    54  key.o(.text)
    KEY_Scan                                 0x0800047f   Thumb Code   158  key.o(.text)
    IWDG_Init                                0x08000531   Thumb Code    36  wdg.o(.text)
    IWDG_Feed                                0x08000555   Thumb Code     8  wdg.o(.text)
    WWDG_NVIC_Init                           0x0800055d   Thumb Code    28  wdg.o(.text)
    WWDG_Init                                0x08000579   Thumb Code    48  wdg.o(.text)
    WWDG_Set_Counter                         0x080005a9   Thumb Code    12  wdg.o(.text)
    WWDG_IRQHandler                          0x080005b5   Thumb Code    30  wdg.o(.text)
    Timerx_Init                              0x080005d9   Thumb Code    84  timer.o(.text)
    TIM2_IRQHandler                          0x0800062d   Thumb Code    22  timer.o(.text)
    TIM3_PWM_Init                            0x08000643   Thumb Code   188  timer.o(.text)
    TIM4_PWM_Init                            0x080006ff   Thumb Code   194  timer.o(.text)
    UltrasonicWave_Configuration             0x080007d1   Thumb Code   244  ultrasonicwave.o(.text)
    EXTI9_5_IRQHandler                       0x080008c5   Thumb Code   218  ultrasonicwave.o(.text)
    EXTI4_IRQHandler                         0x0800099f   Thumb Code   218  ultrasonicwave.o(.text)
    UltrasonicWave_StartMeasure              0x08000a79   Thumb Code   650  ultrasonicwave.o(.text)
    BEEP_Init                                0x08000d65   Thumb Code    50  beep.o(.text)
    motor1_go                                0x08000d9d   Thumb Code    30  motor.o(.text)
    motor1_back                              0x08000dbb   Thumb Code    30  motor.o(.text)
    motor1_stop                              0x08000dd9   Thumb Code    28  motor.o(.text)
    motor2_go                                0x08000df5   Thumb Code    32  motor.o(.text)
    motor2_back                              0x08000e15   Thumb Code    32  motor.o(.text)
    motor2_stop                              0x08000e35   Thumb Code    30  motor.o(.text)
    left                                     0x08000e53   Thumb Code    28  motor.o(.text)
    right                                    0x08000e6f   Thumb Code    28  motor.o(.text)
    go                                       0x08000e8b   Thumb Code    28  motor.o(.text)
    stop                                     0x08000ea7   Thumb Code    18  motor.o(.text)
    delay_init                               0x08000ec9   Thumb Code    52  delay.o(.text)
    delay_ms                                 0x08000efd   Thumb Code    56  delay.o(.text)
    delay_us                                 0x08000f35   Thumb Code    56  delay.o(.text)
    NVIC_Configuration                       0x08000f75   Thumb Code    12  sys.o(.text)
    _sys_exit                                0x08000f81   Thumb Code     6  usart.o(.text)
    fputc                                    0x08000f87   Thumb Code    24  usart.o(.text)
    uart_init                                0x08000f9f   Thumb Code   152  usart.o(.text)
    USART1_IRQHandler                        0x08001037   Thumb Code   122  usart.o(.text)
    Reset_Handler                            0x080010c1   Thumb Code     8  startup_stm32f10x_md.o(.text)
    ADC1_2_IRQHandler                        0x080010db   Thumb Code     0  startup_stm32f10x_md.o(.text)
    CAN1_RX1_IRQHandler                      0x080010db   Thumb Code     0  startup_stm32f10x_md.o(.text)
    CAN1_SCE_IRQHandler                      0x080010db   Thumb Code     0  startup_stm32f10x_md.o(.text)
    DMA1_Channel1_IRQHandler                 0x080010db   Thumb Code     0  startup_stm32f10x_md.o(.text)
    DMA1_Channel2_IRQHandler                 0x080010db   Thumb Code     0  startup_stm32f10x_md.o(.text)
    DMA1_Channel3_IRQHandler                 0x080010db   Thumb Code     0  startup_stm32f10x_md.o(.text)
    DMA1_Channel4_IRQHandler                 0x080010db   Thumb Code     0  startup_stm32f10x_md.o(.text)
    DMA1_Channel5_IRQHandler                 0x080010db   Thumb Code     0  startup_stm32f10x_md.o(.text)
    DMA1_Channel6_IRQHandler                 0x080010db   Thumb Code     0  startup_stm32f10x_md.o(.text)
    DMA1_Channel7_IRQHandler                 0x080010db   Thumb Code     0  startup_stm32f10x_md.o(.text)
    EXTI0_IRQHandler                         0x080010db   Thumb Code     0  startup_stm32f10x_md.o(.text)
    EXTI15_10_IRQHandler                     0x080010db   Thumb Code     0  startup_stm32f10x_md.o(.text)
    EXTI1_IRQHandler                         0x080010db   Thumb Code     0  startup_stm32f10x_md.o(.text)
    EXTI2_IRQHandler                         0x080010db   Thumb Code     0  startup_stm32f10x_md.o(.text)
    EXTI3_IRQHandler                         0x080010db   Thumb Code     0  startup_stm32f10x_md.o(.text)
    FLASH_IRQHandler                         0x080010db   Thumb Code     0  startup_stm32f10x_md.o(.text)
    I2C1_ER_IRQHandler                       0x080010db   Thumb Code     0  startup_stm32f10x_md.o(.text)
    I2C1_EV_IRQHandler                       0x080010db   Thumb Code     0  startup_stm32f10x_md.o(.text)
    I2C2_ER_IRQHandler                       0x080010db   Thumb Code     0  startup_stm32f10x_md.o(.text)
    I2C2_EV_IRQHandler                       0x080010db   Thumb Code     0  startup_stm32f10x_md.o(.text)
    PVD_IRQHandler                           0x080010db   Thumb Code     0  startup_stm32f10x_md.o(.text)
    RCC_IRQHandler                           0x080010db   Thumb Code     0  startup_stm32f10x_md.o(.text)
    RTCAlarm_IRQHandler                      0x080010db   Thumb Code     0  startup_stm32f10x_md.o(.text)
    RTC_IRQHandler                           0x080010db   Thumb Code     0  startup_stm32f10x_md.o(.text)
    SPI1_IRQHandler                          0x080010db   Thumb Code     0  startup_stm32f10x_md.o(.text)
    SPI2_IRQHandler                          0x080010db   Thumb Code     0  startup_stm32f10x_md.o(.text)
    TAMPER_IRQHandler                        0x080010db   Thumb Code     0  startup_stm32f10x_md.o(.text)
    TIM1_BRK_IRQHandler                      0x080010db   Thumb Code     0  startup_stm32f10x_md.o(.text)
    TIM1_CC_IRQHandler                       0x080010db   Thumb Code     0  startup_stm32f10x_md.o(.text)
    TIM1_TRG_COM_IRQHandler                  0x080010db   Thumb Code     0  startup_stm32f10x_md.o(.text)
    TIM1_UP_IRQHandler                       0x080010db   Thumb Code     0  startup_stm32f10x_md.o(.text)
    TIM3_IRQHandler                          0x080010db   Thumb Code     0  startup_stm32f10x_md.o(.text)
    TIM4_IRQHandler                          0x080010db   Thumb Code     0  startup_stm32f10x_md.o(.text)
    USART2_IRQHandler                        0x080010db   Thumb Code     0  startup_stm32f10x_md.o(.text)
    USART3_IRQHandler                        0x080010db   Thumb Code     0  startup_stm32f10x_md.o(.text)
    USBWakeUp_IRQHandler                     0x080010db   Thumb Code     0  startup_stm32f10x_md.o(.text)
    USB_HP_CAN1_TX_IRQHandler                0x080010db   Thumb Code     0  startup_stm32f10x_md.o(.text)
    USB_LP_CAN1_RX0_IRQHandler               0x080010db   Thumb Code     0  startup_stm32f10x_md.o(.text)
    __user_initial_stackheap                 0x080010dd   Thumb Code     0  startup_stm32f10x_md.o(.text)
    NVIC_PriorityGroupConfig                 0x08001101   Thumb Code    10  misc.o(.text)
    NVIC_Init                                0x0800110b   Thumb Code   100  misc.o(.text)
    NVIC_SetVectorTable                      0x0800116f   Thumb Code    14  misc.o(.text)
    NVIC_SystemLPConfig                      0x0800117d   Thumb Code    34  misc.o(.text)
    SysTick_CLKSourceConfig                  0x0800119f   Thumb Code    40  misc.o(.text)
    EXTI_DeInit                              0x080011dd   Thumb Code    28  stm32f10x_exti.o(.text)
    EXTI_Init                                0x080011f9   Thumb Code   142  stm32f10x_exti.o(.text)
    EXTI_StructInit                          0x08001287   Thumb Code    16  stm32f10x_exti.o(.text)
    EXTI_GenerateSWInterrupt                 0x08001297   Thumb Code    16  stm32f10x_exti.o(.text)
    EXTI_GetFlagStatus                       0x080012a7   Thumb Code    22  stm32f10x_exti.o(.text)
    EXTI_ClearFlag                           0x080012bd   Thumb Code     8  stm32f10x_exti.o(.text)
    EXTI_GetITStatus                         0x080012c5   Thumb Code    34  stm32f10x_exti.o(.text)
    EXTI_ClearITPendingBit                   0x080012e7   Thumb Code     8  stm32f10x_exti.o(.text)
    GPIO_DeInit                              0x080012f9   Thumb Code   172  stm32f10x_gpio.o(.text)
    GPIO_AFIODeInit                          0x080013a5   Thumb Code    20  stm32f10x_gpio.o(.text)
    GPIO_Init                                0x080013b9   Thumb Code   278  stm32f10x_gpio.o(.text)
    GPIO_StructInit                          0x080014cf   Thumb Code    16  stm32f10x_gpio.o(.text)
    GPIO_ReadInputDataBit                    0x080014df   Thumb Code    18  stm32f10x_gpio.o(.text)
    GPIO_ReadInputData                       0x080014f1   Thumb Code     8  stm32f10x_gpio.o(.text)
    GPIO_ReadOutputDataBit                   0x080014f9   Thumb Code    18  stm32f10x_gpio.o(.text)
    GPIO_ReadOutputData                      0x0800150b   Thumb Code     8  stm32f10x_gpio.o(.text)
    GPIO_SetBits                             0x08001513   Thumb Code     4  stm32f10x_gpio.o(.text)
    GPIO_ResetBits                           0x08001517   Thumb Code     4  stm32f10x_gpio.o(.text)
    GPIO_WriteBit                            0x0800151b   Thumb Code    10  stm32f10x_gpio.o(.text)
    GPIO_Write                               0x08001525   Thumb Code     4  stm32f10x_gpio.o(.text)
    GPIO_PinLockConfig                       0x08001529   Thumb Code    18  stm32f10x_gpio.o(.text)
    GPIO_EventOutputConfig                   0x0800153b   Thumb Code    26  stm32f10x_gpio.o(.text)
    GPIO_EventOutputCmd                      0x08001555   Thumb Code     6  stm32f10x_gpio.o(.text)
    GPIO_PinRemapConfig                      0x0800155b   Thumb Code   138  stm32f10x_gpio.o(.text)
    GPIO_EXTILineConfig                      0x080015e5   Thumb Code    66  stm32f10x_gpio.o(.text)
    GPIO_ETH_MediaInterfaceConfig            0x08001627   Thumb Code     8  stm32f10x_gpio.o(.text)
    IWDG_WriteAccessCmd                      0x08001655   Thumb Code     6  stm32f10x_iwdg.o(.text)
    IWDG_SetPrescaler                        0x0800165b   Thumb Code     6  stm32f10x_iwdg.o(.text)
    IWDG_SetReload                           0x08001661   Thumb Code     6  stm32f10x_iwdg.o(.text)
    IWDG_ReloadCounter                       0x08001667   Thumb Code    10  stm32f10x_iwdg.o(.text)
    IWDG_Enable                              0x08001671   Thumb Code    10  stm32f10x_iwdg.o(.text)
    IWDG_GetFlagStatus                       0x0800167b   Thumb Code    20  stm32f10x_iwdg.o(.text)
    RCC_DeInit                               0x08001695   Thumb Code    64  stm32f10x_rcc.o(.text)
    RCC_HSEConfig                            0x080016d5   Thumb Code    70  stm32f10x_rcc.o(.text)
    RCC_GetFlagStatus                        0x0800171b   Thumb Code    56  stm32f10x_rcc.o(.text)
    RCC_WaitForHSEStartUp                    0x08001753   Thumb Code    56  stm32f10x_rcc.o(.text)
    RCC_AdjustHSICalibrationValue            0x0800178b   Thumb Code    20  stm32f10x_rcc.o(.text)
    RCC_HSICmd                               0x0800179f   Thumb Code     6  stm32f10x_rcc.o(.text)
    RCC_PLLConfig                            0x080017a5   Thumb Code    24  stm32f10x_rcc.o(.text)
    RCC_PLLCmd                               0x080017bd   Thumb Code     6  stm32f10x_rcc.o(.text)
    RCC_SYSCLKConfig                         0x080017c3   Thumb Code    18  stm32f10x_rcc.o(.text)
    RCC_GetSYSCLKSource                      0x080017d5   Thumb Code    10  stm32f10x_rcc.o(.text)
    RCC_HCLKConfig                           0x080017df   Thumb Code    18  stm32f10x_rcc.o(.text)
    RCC_PCLK1Config                          0x080017f1   Thumb Code    18  stm32f10x_rcc.o(.text)
    RCC_PCLK2Config                          0x08001803   Thumb Code    20  stm32f10x_rcc.o(.text)
    RCC_ITConfig                             0x08001817   Thumb Code    26  stm32f10x_rcc.o(.text)
    RCC_USBCLKConfig                         0x08001831   Thumb Code     8  stm32f10x_rcc.o(.text)
    RCC_ADCCLKConfig                         0x08001839   Thumb Code    18  stm32f10x_rcc.o(.text)
    RCC_LSEConfig                            0x0800184b   Thumb Code    50  stm32f10x_rcc.o(.text)
    RCC_LSICmd                               0x0800187d   Thumb Code     6  stm32f10x_rcc.o(.text)
    RCC_RTCCLKConfig                         0x08001883   Thumb Code    12  stm32f10x_rcc.o(.text)
    RCC_RTCCLKCmd                            0x0800188f   Thumb Code     8  stm32f10x_rcc.o(.text)
    RCC_GetClocksFreq                        0x08001897   Thumb Code   192  stm32f10x_rcc.o(.text)
    RCC_AHBPeriphClockCmd                    0x08001957   Thumb Code    26  stm32f10x_rcc.o(.text)
    RCC_APB2PeriphClockCmd                   0x08001971   Thumb Code    26  stm32f10x_rcc.o(.text)
    RCC_APB1PeriphClockCmd                   0x0800198b   Thumb Code    26  stm32f10x_rcc.o(.text)
    RCC_APB2PeriphResetCmd                   0x080019a5   Thumb Code    26  stm32f10x_rcc.o(.text)
    RCC_APB1PeriphResetCmd                   0x080019bf   Thumb Code    26  stm32f10x_rcc.o(.text)
    RCC_BackupResetCmd                       0x080019d9   Thumb Code     8  stm32f10x_rcc.o(.text)
    RCC_ClockSecuritySystemCmd               0x080019e1   Thumb Code     6  stm32f10x_rcc.o(.text)
    RCC_MCOConfig                            0x080019e7   Thumb Code     6  stm32f10x_rcc.o(.text)
    RCC_ClearFlag                            0x080019ed   Thumb Code    14  stm32f10x_rcc.o(.text)
    RCC_GetITStatus                          0x080019fb   Thumb Code    20  stm32f10x_rcc.o(.text)
    RCC_ClearITPendingBit                    0x08001a0f   Thumb Code     6  stm32f10x_rcc.o(.text)
    TIM_DeInit                               0x08001a39   Thumb Code   424  stm32f10x_tim.o(.text)
    TIM_TimeBaseInit                         0x08001be1   Thumb Code   122  stm32f10x_tim.o(.text)
    TIM_OC1Init                              0x08001c5b   Thumb Code   132  stm32f10x_tim.o(.text)
    TIM_OC2Init                              0x08001cdf   Thumb Code   154  stm32f10x_tim.o(.text)
    TIM_OC3Init                              0x08001d79   Thumb Code   150  stm32f10x_tim.o(.text)
    TIM_OC4Init                              0x08001e0f   Thumb Code   182  stm32f10x_tim.o(.text)
    TIM_SetIC4Prescaler                      0x08001ec5   Thumb Code    26  stm32f10x_tim.o(.text)
    TIM_SetIC3Prescaler                      0x08001f61   Thumb Code    18  stm32f10x_tim.o(.text)
    TIM_SetIC2Prescaler                      0x08001fed   Thumb Code    26  stm32f10x_tim.o(.text)
    TIM_SetIC1Prescaler                      0x08002089   Thumb Code    18  stm32f10x_tim.o(.text)
    TIM_ICInit                               0x08002107   Thumb Code   150  stm32f10x_tim.o(.text)
    TIM_PWMIConfig                           0x0800219d   Thumb Code   124  stm32f10x_tim.o(.text)
    TIM_BDTRConfig                           0x08002219   Thumb Code    32  stm32f10x_tim.o(.text)
    TIM_TimeBaseStructInit                   0x08002239   Thumb Code    18  stm32f10x_tim.o(.text)
    TIM_OCStructInit                         0x0800224b   Thumb Code    20  stm32f10x_tim.o(.text)
    TIM_ICStructInit                         0x0800225f   Thumb Code    18  stm32f10x_tim.o(.text)
    TIM_BDTRStructInit                       0x08002271   Thumb Code    40  stm32f10x_tim.o(.text)
    TIM_Cmd                                  0x08002299   Thumb Code    24  stm32f10x_tim.o(.text)
    TIM_CtrlPWMOutputs                       0x080022b1   Thumb Code    30  stm32f10x_tim.o(.text)
    TIM_ITConfig                             0x080022cf   Thumb Code    18  stm32f10x_tim.o(.text)
    TIM_GenerateEvent                        0x080022e1   Thumb Code     4  stm32f10x_tim.o(.text)
    TIM_DMAConfig                            0x080022e5   Thumb Code    10  stm32f10x_tim.o(.text)
    TIM_DMACmd                               0x080022ef   Thumb Code    18  stm32f10x_tim.o(.text)
    TIM_InternalClockConfig                  0x08002301   Thumb Code    12  stm32f10x_tim.o(.text)
    TIM_SelectInputTrigger                   0x0800230d   Thumb Code    18  stm32f10x_tim.o(.text)
    TIM_ITRxExternalClockConfig              0x0800231f   Thumb Code    24  stm32f10x_tim.o(.text)
    TIM_TIxExternalClockConfig               0x08002337   Thumb Code    62  stm32f10x_tim.o(.text)
    TIM_ETRConfig                            0x08002375   Thumb Code    28  stm32f10x_tim.o(.text)
    TIM_ETRClockMode1Config                  0x08002391   Thumb Code    54  stm32f10x_tim.o(.text)
    TIM_ETRClockMode2Config                  0x080023c7   Thumb Code    32  stm32f10x_tim.o(.text)
    TIM_PrescalerConfig                      0x080023e7   Thumb Code     6  stm32f10x_tim.o(.text)
    TIM_CounterModeConfig                    0x080023ed   Thumb Code    18  stm32f10x_tim.o(.text)
    TIM_EncoderInterfaceConfig               0x080023ff   Thumb Code    66  stm32f10x_tim.o(.text)
    TIM_ForcedOC1Config                      0x08002441   Thumb Code    18  stm32f10x_tim.o(.text)
    TIM_ForcedOC2Config                      0x08002453   Thumb Code    26  stm32f10x_tim.o(.text)
    TIM_ForcedOC3Config                      0x0800246d   Thumb Code    18  stm32f10x_tim.o(.text)
    TIM_ForcedOC4Config                      0x0800247f   Thumb Code    26  stm32f10x_tim.o(.text)
    TIM_ARRPreloadConfig                     0x08002499   Thumb Code    24  stm32f10x_tim.o(.text)
    TIM_SelectCOM                            0x080024b1   Thumb Code    24  stm32f10x_tim.o(.text)
    TIM_SelectCCDMA                          0x080024c9   Thumb Code    24  stm32f10x_tim.o(.text)
    TIM_CCPreloadControl                     0x080024e1   Thumb Code    24  stm32f10x_tim.o(.text)
    TIM_OC1PreloadConfig                     0x080024f9   Thumb Code    18  stm32f10x_tim.o(.text)
    TIM_OC2PreloadConfig                     0x0800250b   Thumb Code    26  stm32f10x_tim.o(.text)
    TIM_OC3PreloadConfig                     0x08002525   Thumb Code    18  stm32f10x_tim.o(.text)
    TIM_OC4PreloadConfig                     0x08002537   Thumb Code    26  stm32f10x_tim.o(.text)
    TIM_OC1FastConfig                        0x08002551   Thumb Code    18  stm32f10x_tim.o(.text)
    TIM_OC2FastConfig                        0x08002563   Thumb Code    26  stm32f10x_tim.o(.text)
    TIM_OC3FastConfig                        0x0800257d   Thumb Code    18  stm32f10x_tim.o(.text)
    TIM_OC4FastConfig                        0x0800258f   Thumb Code    26  stm32f10x_tim.o(.text)
    TIM_ClearOC1Ref                          0x080025a9   Thumb Code    18  stm32f10x_tim.o(.text)
    TIM_ClearOC2Ref                          0x080025bb   Thumb Code    24  stm32f10x_tim.o(.text)
    TIM_ClearOC3Ref                          0x080025d3   Thumb Code    18  stm32f10x_tim.o(.text)
    TIM_ClearOC4Ref                          0x080025e5   Thumb Code    24  stm32f10x_tim.o(.text)
    TIM_OC1PolarityConfig                    0x080025fd   Thumb Code    18  stm32f10x_tim.o(.text)
    TIM_OC1NPolarityConfig                   0x0800260f   Thumb Code    18  stm32f10x_tim.o(.text)
    TIM_OC2PolarityConfig                    0x08002621   Thumb Code    26  stm32f10x_tim.o(.text)
    TIM_OC2NPolarityConfig                   0x0800263b   Thumb Code    26  stm32f10x_tim.o(.text)
    TIM_OC3PolarityConfig                    0x08002655   Thumb Code    26  stm32f10x_tim.o(.text)
    TIM_OC3NPolarityConfig                   0x0800266f   Thumb Code    26  stm32f10x_tim.o(.text)
    TIM_OC4PolarityConfig                    0x08002689   Thumb Code    26  stm32f10x_tim.o(.text)
    TIM_CCxCmd                               0x080026a3   Thumb Code    30  stm32f10x_tim.o(.text)
    TIM_CCxNCmd                              0x080026c1   Thumb Code    30  stm32f10x_tim.o(.text)
    TIM_SelectOCxM                           0x080026df   Thumb Code    82  stm32f10x_tim.o(.text)
    TIM_UpdateDisableConfig                  0x08002731   Thumb Code    24  stm32f10x_tim.o(.text)
    TIM_UpdateRequestConfig                  0x08002749   Thumb Code    24  stm32f10x_tim.o(.text)
    TIM_SelectHallSensor                     0x08002761   Thumb Code    24  stm32f10x_tim.o(.text)
    TIM_SelectOnePulseMode                   0x08002779   Thumb Code    18  stm32f10x_tim.o(.text)
    TIM_SelectOutputTrigger                  0x0800278b   Thumb Code    18  stm32f10x_tim.o(.text)
    TIM_SelectSlaveMode                      0x0800279d   Thumb Code    18  stm32f10x_tim.o(.text)
    TIM_SelectMasterSlaveMode                0x080027af   Thumb Code    18  stm32f10x_tim.o(.text)
    TIM_SetCounter                           0x080027c1   Thumb Code     4  stm32f10x_tim.o(.text)
    TIM_SetAutoreload                        0x080027c5   Thumb Code     4  stm32f10x_tim.o(.text)
    TIM_SetCompare1                          0x080027c9   Thumb Code     4  stm32f10x_tim.o(.text)
    TIM_SetCompare2                          0x080027cd   Thumb Code     4  stm32f10x_tim.o(.text)
    TIM_SetCompare3                          0x080027d1   Thumb Code     4  stm32f10x_tim.o(.text)
    TIM_SetCompare4                          0x080027d5   Thumb Code     6  stm32f10x_tim.o(.text)
    TIM_SetClockDivision                     0x080027db   Thumb Code    18  stm32f10x_tim.o(.text)
    TIM_GetCapture1                          0x080027ed   Thumb Code     6  stm32f10x_tim.o(.text)
    TIM_GetCapture2                          0x080027f3   Thumb Code     6  stm32f10x_tim.o(.text)
    TIM_GetCapture3                          0x080027f9   Thumb Code     6  stm32f10x_tim.o(.text)
    TIM_GetCapture4                          0x080027ff   Thumb Code     8  stm32f10x_tim.o(.text)
    TIM_GetCounter                           0x08002807   Thumb Code     6  stm32f10x_tim.o(.text)
    TIM_GetPrescaler                         0x0800280d   Thumb Code     6  stm32f10x_tim.o(.text)
    TIM_GetFlagStatus                        0x08002813   Thumb Code    18  stm32f10x_tim.o(.text)
    TIM_ClearFlag                            0x08002825   Thumb Code     6  stm32f10x_tim.o(.text)
    TIM_GetITStatus                          0x0800282b   Thumb Code    34  stm32f10x_tim.o(.text)
    TIM_ClearITPendingBit                    0x0800284d   Thumb Code     6  stm32f10x_tim.o(.text)
    USART_DeInit                             0x08002855   Thumb Code   134  stm32f10x_usart.o(.text)
    USART_Init                               0x080028db   Thumb Code   210  stm32f10x_usart.o(.text)
    USART_StructInit                         0x080029ad   Thumb Code    24  stm32f10x_usart.o(.text)
    USART_ClockInit                          0x080029c5   Thumb Code    34  stm32f10x_usart.o(.text)
    USART_ClockStructInit                    0x080029e7   Thumb Code    12  stm32f10x_usart.o(.text)
    USART_Cmd                                0x080029f3   Thumb Code    24  stm32f10x_usart.o(.text)
    USART_ITConfig                           0x08002a0b   Thumb Code    74  stm32f10x_usart.o(.text)
    USART_DMACmd                             0x08002a55   Thumb Code    18  stm32f10x_usart.o(.text)
    USART_SetAddress                         0x08002a67   Thumb Code    18  stm32f10x_usart.o(.text)
    USART_WakeUpConfig                       0x08002a79   Thumb Code    18  stm32f10x_usart.o(.text)
    USART_ReceiverWakeUpCmd                  0x08002a8b   Thumb Code    24  stm32f10x_usart.o(.text)
    USART_LINBreakDetectLengthConfig         0x08002aa3   Thumb Code    18  stm32f10x_usart.o(.text)
    USART_LINCmd                             0x08002ab5   Thumb Code    24  stm32f10x_usart.o(.text)
    USART_SendData                           0x08002acd   Thumb Code     8  stm32f10x_usart.o(.text)
    USART_ReceiveData                        0x08002ad5   Thumb Code    10  stm32f10x_usart.o(.text)
    USART_SendBreak                          0x08002adf   Thumb Code    10  stm32f10x_usart.o(.text)
    USART_SetGuardTime                       0x08002ae9   Thumb Code    16  stm32f10x_usart.o(.text)
    USART_SetPrescaler                       0x08002af9   Thumb Code    16  stm32f10x_usart.o(.text)
    USART_SmartCardCmd                       0x08002b09   Thumb Code    24  stm32f10x_usart.o(.text)
    USART_SmartCardNACKCmd                   0x08002b21   Thumb Code    24  stm32f10x_usart.o(.text)
    USART_HalfDuplexCmd                      0x08002b39   Thumb Code    24  stm32f10x_usart.o(.text)
    USART_OverSampling8Cmd                   0x08002b51   Thumb Code    22  stm32f10x_usart.o(.text)
    USART_OneBitMethodCmd                    0x08002b67   Thumb Code    24  stm32f10x_usart.o(.text)
    USART_IrDAConfig                         0x08002b7f   Thumb Code    18  stm32f10x_usart.o(.text)
    USART_IrDACmd                            0x08002b91   Thumb Code    24  stm32f10x_usart.o(.text)
    USART_GetFlagStatus                      0x08002ba9   Thumb Code    26  stm32f10x_usart.o(.text)
    USART_ClearFlag                          0x08002bc3   Thumb Code    18  stm32f10x_usart.o(.text)
    USART_GetITStatus                        0x08002bd5   Thumb Code    84  stm32f10x_usart.o(.text)
    USART_ClearITPendingBit                  0x08002c29   Thumb Code    52  stm32f10x_usart.o(.text)
    WWDG_DeInit                              0x08002c5d   Thumb Code    22  stm32f10x_wwdg.o(.text)
    WWDG_SetPrescaler                        0x08002c73   Thumb Code    18  stm32f10x_wwdg.o(.text)
    WWDG_SetWindowValue                      0x08002c85   Thumb Code    34  stm32f10x_wwdg.o(.text)
    WWDG_EnableIT                            0x08002ca7   Thumb Code     8  stm32f10x_wwdg.o(.text)
    WWDG_SetCounter                          0x08002caf   Thumb Code    12  stm32f10x_wwdg.o(.text)
    WWDG_Enable                              0x08002cbb   Thumb Code    12  stm32f10x_wwdg.o(.text)
    WWDG_GetFlagStatus                       0x08002cc7   Thumb Code    10  stm32f10x_wwdg.o(.text)
    WWDG_ClearFlag                           0x08002cd1   Thumb Code    10  stm32f10x_wwdg.o(.text)
    __use_no_semihosting                     0x08002ce5   Thumb Code     2  use_no_semi_2.o(.text)
    __2printf                                0x08002ce9   Thumb Code    20  noretval__2printf.o(.text)
    __printf                                 0x08002d01   Thumb Code   352  __printf_ss_wp.o(.text)
    __use_two_region_memory                  0x08002e61   Thumb Code     2  heapauxi.o(.text)
    __rt_heap_escrow$2region                 0x08002e63   Thumb Code     2  heapauxi.o(.text)
    __rt_heap_expand$2region                 0x08002e65   Thumb Code     2  heapauxi.o(.text)
    __I$use$semihosting                      0x08002e67   Thumb Code     0  use_no_semi.o(.text)
    __use_no_semihosting_swi                 0x08002e67   Thumb Code     2  use_no_semi.o(.text)
    __lib_sel_fp_printf                      0x08002e69   Thumb Code     2  _printf_fp_dec.o(.text)
    _printf_fp_dec_real                      0x0800301b   Thumb Code   620  _printf_fp_dec.o(.text)
    _printf_char_file                        0x08003289   Thumb Code    32  _printf_char_file.o(.text)
    __rt_locale                              0x080032ad   Thumb Code     8  rt_locale_intlibspace.o(.text)
    _ll_udiv10                               0x080032b5   Thumb Code   138  lludiv10.o(.text)
    _printf_char_common                      0x0800334b   Thumb Code    32  _printf_char_common.o(.text)
    _printf_fp_infnan                        0x08003371   Thumb Code   112  _printf_fp_infnan.o(.text)
    _btod_etento                             0x080033f1   Thumb Code   224  bigflt0.o(.text)
    ferror                                   0x080034d5   Thumb Code     8  ferror.o(.text)
    __user_libspace                          0x080034dd   Thumb Code     8  libspace.o(.text)
    __user_perproc_libspace                  0x080034dd   Thumb Code     0  libspace.o(.text)
    __user_perthread_libspace                0x080034dd   Thumb Code     0  libspace.o(.text)
    __user_setup_stackheap                   0x080034e5   Thumb Code    74  sys_stackheap_outer.o(.text)
    exit                                     0x0800352f   Thumb Code    18  exit.o(.text)
    strcmp                                   0x08003541   Thumb Code   128  strcmpv7m.o(.text)
    _btod_d2e                                0x080035c1   Thumb Code    62  btod.o(CL$$btod_d2e)
    _d2e_denorm_low                          0x080035ff   Thumb Code    70  btod.o(CL$$btod_d2e_denorm_low)
    _d2e_norm_op1                            0x08003645   Thumb Code    96  btod.o(CL$$btod_d2e_norm_op1)
    __btod_div_common                        0x080036a5   Thumb Code   696  btod.o(CL$$btod_div_common)
    _e2e                                     0x080039dd   Thumb Code   220  btod.o(CL$$btod_e2e)
    _btod_ediv                               0x08003ab9   Thumb Code    42  btod.o(CL$$btod_ediv)
    _btod_emul                               0x08003ae3   Thumb Code    42  btod.o(CL$$btod_emul)
    __btod_mult_common                       0x08003b0d   Thumb Code   580  btod.o(CL$$btod_mult_common)
    __ARM_fpclassify                         0x08003d51   Thumb Code    40  fpclassify.o(i.__ARM_fpclassify)
    _is_digit                                0x08003d79   Thumb Code    14  __printf_wp.o(i._is_digit)
    _get_lc_numeric                          0x08003d89   Thumb Code    44  lc_numeric_c.o(locale$$code)
    __aeabi_dadd                             0x08003db5   Thumb Code     0  daddsub_clz.o(x$fpl$dadd)
    _dadd                                    0x08003db5   Thumb Code   332  daddsub_clz.o(x$fpl$dadd)
    __fpl_dcmp_Inf                           0x08003f05   Thumb Code    24  dcmpi.o(x$fpl$dcmpinf)
    __aeabi_ddiv                             0x08003f1d   Thumb Code     0  ddiv.o(x$fpl$ddiv)
    _ddiv                                    0x08003f1d   Thumb Code   552  ddiv.o(x$fpl$ddiv)
    __aeabi_i2d                              0x080041cd   Thumb Code     0  dflt_clz.o(x$fpl$dflt)
    _dflt                                    0x080041cd   Thumb Code    46  dflt_clz.o(x$fpl$dflt)
    __aeabi_cdcmple                          0x080041fd   Thumb Code     0  dleqf.o(x$fpl$dleqf)
    _dcmple                                  0x080041fd   Thumb Code   120  dleqf.o(x$fpl$dleqf)
    __fpl_dcmple_InfNaN                      0x0800425f   Thumb Code     0  dleqf.o(x$fpl$dleqf)
    __aeabi_dmul                             0x08004275   Thumb Code     0  dmul.o(x$fpl$dmul)
    _dmul                                    0x08004275   Thumb Code   332  dmul.o(x$fpl$dmul)
    __fpl_dnaninf                            0x080043c9   Thumb Code   156  dnaninf.o(x$fpl$dnaninf)
    __fpl_dretinf                            0x08004465   Thumb Code    12  dretinf.o(x$fpl$dretinf)
    __aeabi_cdrcmple                         0x08004471   Thumb Code     0  drleqf.o(x$fpl$drleqf)
    _drcmple                                 0x08004471   Thumb Code   108  drleqf.o(x$fpl$drleqf)
    __aeabi_drsub                            0x080044dd   Thumb Code     0  daddsub_clz.o(x$fpl$drsb)
    _drsb                                    0x080044dd   Thumb Code    22  daddsub_clz.o(x$fpl$drsb)
    __aeabi_dsub                             0x080044f5   Thumb Code     0  daddsub_clz.o(x$fpl$dsub)
    _dsub                                    0x080044f5   Thumb Code   464  daddsub_clz.o(x$fpl$dsub)
    _printf_fp_dec                           0x080046c9   Thumb Code     4  printf1.o(x$fpl$printf1)
    __I$use$fp                               0x080046cc   Number         0  usenofp.o(x$fpl$usenofp)
    Region$$Table$$Base                      0x08004760   Number         0  anon$$obj.o(Region$$Table)
    Region$$Table$$Limit                     0x08004780   Number         0  anon$$obj.o(Region$$Table)
    SystemCoreClock                          0x20000000   Data           4  system_stm32f10x.o(.data)
    AHBPrescTable                            0x20000004   Data          16  system_stm32f10x.o(.data)
    UltrasonicWave_Distance                  0x20000018   Data           8  ultrasonicwave.o(.data)
    UltrasonicWave_Distance2                 0x20000020   Data           8  ultrasonicwave.o(.data)
    max                                      0x20000028   Data           8  ultrasonicwave.o(.data)
    min                                      0x20000030   Data           8  ultrasonicwave.o(.data)
    sum                                      0x20000038   Data           8  ultrasonicwave.o(.data)
    total                                    0x20000040   Data           4  ultrasonicwave.o(.data)
    make                                     0x20000044   Data           4  ultrasonicwave.o(.data)
    flag                                     0x20000048   Data           4  ultrasonicwave.o(.data)
    __stdout                                 0x20000050   Data           4  usart.o(.data)
    USART_RX_STA                             0x20000054   Data           1  usart.o(.data)
    USART_RX_BUF                             0x2000006c   Data          64  usart.o(.bss)
    __libspace_start                         0x200000ac   Data          96  libspace.o(.bss)
    __temporary_stack_top$libspace           0x2000010c   Data           0  libspace.o(.bss)



==============================================================================

Memory Map of the image

  Image Entry point : 0x080000ed

  Load Region LR_IROM1 (Base: 0x08000000, Size: 0x00004808, Max: 0x00020000, ABSOLUTE)

    Execution Region ER_IROM1 (Exec base: 0x08000000, Load base: 0x08000000, Size: 0x0000479c, Max: 0x00020000, ABSOLUTE)

    Exec Addr    Load Addr    Size         Type   Attr      Idx    E Section Name        Object

    0x08000000   0x08000000   0x000000ec   Data   RO          355    RESET               startup_stm32f10x_md.o
    0x080000ec   0x080000ec   0x00000008   Code   RO          672  * !!!main             c_w.l(__main.o)
    0x080000f4   0x080000f4   0x00000034   Code   RO          914    !!!scatter          c_w.l(__scatter.o)
    0x08000128   0x08000128   0x0000001a   Code   RO          916    !!handler_copy      c_w.l(__scatter_copy.o)
    0x08000142   0x08000142   0x00000002   PAD
    0x08000144   0x08000144   0x0000001c   Code   RO          918    !!handler_zi        c_w.l(__scatter_zi.o)
    0x08000160   0x08000160   0x00000000   Code   RO          669    .ARM.Collect$$_printf_percent$$00000000  c_w.l(_printf_percent.o)
    0x08000160   0x08000160   0x00000006   Code   RO          668    .ARM.Collect$$_printf_percent$$00000003  c_w.l(_printf_f.o)
    0x08000166   0x08000166   0x00000004   Code   RO          705    .ARM.Collect$$_printf_percent$$00000017  c_w.l(_printf_percent_end.o)
    0x0800016a   0x0800016a   0x00000002   Code   RO          791    .ARM.Collect$$libinit$$00000000  c_w.l(libinit.o)
    0x0800016c   0x0800016c   0x00000000   Code   RO          793    .ARM.Collect$$libinit$$00000002  c_w.l(libinit2.o)
    0x0800016c   0x0800016c   0x00000000   Code   RO          795    .ARM.Collect$$libinit$$00000004  c_w.l(libinit2.o)
    0x0800016c   0x0800016c   0x00000000   Code   RO          798    .ARM.Collect$$libinit$$0000000A  c_w.l(libinit2.o)
    0x0800016c   0x0800016c   0x00000000   Code   RO          800    .ARM.Collect$$libinit$$0000000C  c_w.l(libinit2.o)
    0x0800016c   0x0800016c   0x00000000   Code   RO          802    .ARM.Collect$$libinit$$0000000E  c_w.l(libinit2.o)
    0x0800016c   0x0800016c   0x00000006   Code   RO          803    .ARM.Collect$$libinit$$0000000F  c_w.l(libinit2.o)
    0x08000172   0x08000172   0x00000000   Code   RO          805    .ARM.Collect$$libinit$$00000011  c_w.l(libinit2.o)
    0x08000172   0x08000172   0x00000000   Code   RO          807    .ARM.Collect$$libinit$$00000013  c_w.l(libinit2.o)
    0x08000172   0x08000172   0x00000000   Code   RO          809    .ARM.Collect$$libinit$$00000015  c_w.l(libinit2.o)
    0x08000172   0x08000172   0x0000000a   Code   RO          810    .ARM.Collect$$libinit$$00000016  c_w.l(libinit2.o)
    0x0800017c   0x0800017c   0x00000000   Code   RO          811    .ARM.Collect$$libinit$$00000017  c_w.l(libinit2.o)
    0x0800017c   0x0800017c   0x00000000   Code   RO          813    .ARM.Collect$$libinit$$00000019  c_w.l(libinit2.o)
    0x0800017c   0x0800017c   0x00000000   Code   RO          815    .ARM.Collect$$libinit$$0000001B  c_w.l(libinit2.o)
    0x0800017c   0x0800017c   0x00000000   Code   RO          817    .ARM.Collect$$libinit$$0000001D  c_w.l(libinit2.o)
    0x0800017c   0x0800017c   0x00000000   Code   RO          819    .ARM.Collect$$libinit$$0000001F  c_w.l(libinit2.o)
    0x0800017c   0x0800017c   0x00000000   Code   RO          821    .ARM.Collect$$libinit$$00000021  c_w.l(libinit2.o)
    0x0800017c   0x0800017c   0x00000000   Code   RO          823    .ARM.Collect$$libinit$$00000023  c_w.l(libinit2.o)
    0x0800017c   0x0800017c   0x00000000   Code   RO          825    .ARM.Collect$$libinit$$00000025  c_w.l(libinit2.o)
    0x0800017c   0x0800017c   0x00000000   Code   RO          829    .ARM.Collect$$libinit$$0000002C  c_w.l(libinit2.o)
    0x0800017c   0x0800017c   0x00000000   Code   RO          831    .ARM.Collect$$libinit$$0000002E  c_w.l(libinit2.o)
    0x0800017c   0x0800017c   0x00000000   Code   RO          833    .ARM.Collect$$libinit$$00000030  c_w.l(libinit2.o)
    0x0800017c   0x0800017c   0x00000000   Code   RO          835    .ARM.Collect$$libinit$$00000032  c_w.l(libinit2.o)
    0x0800017c   0x0800017c   0x00000002   Code   RO          836    .ARM.Collect$$libinit$$00000033  c_w.l(libinit2.o)
    0x0800017e   0x0800017e   0x00000002   Code   RO          864    .ARM.Collect$$libshutdown$$00000000  c_w.l(libshutdown.o)
    0x08000180   0x08000180   0x00000000   Code   RO          873    .ARM.Collect$$libshutdown$$00000002  c_w.l(libshutdown2.o)
    0x08000180   0x08000180   0x00000000   Code   RO          875    .ARM.Collect$$libshutdown$$00000004  c_w.l(libshutdown2.o)
    0x08000180   0x08000180   0x00000000   Code   RO          878    .ARM.Collect$$libshutdown$$00000007  c_w.l(libshutdown2.o)
    0x08000180   0x08000180   0x00000000   Code   RO          881    .ARM.Collect$$libshutdown$$0000000A  c_w.l(libshutdown2.o)
    0x08000180   0x08000180   0x00000000   Code   RO          883    .ARM.Collect$$libshutdown$$0000000C  c_w.l(libshutdown2.o)
    0x08000180   0x08000180   0x00000000   Code   RO          886    .ARM.Collect$$libshutdown$$0000000F  c_w.l(libshutdown2.o)
    0x08000180   0x08000180   0x00000002   Code   RO          887    .ARM.Collect$$libshutdown$$00000010  c_w.l(libshutdown2.o)
    0x08000182   0x08000182   0x00000000   Code   RO          700    .ARM.Collect$$rtentry$$00000000  c_w.l(__rtentry.o)
    0x08000182   0x08000182   0x00000000   Code   RO          714    .ARM.Collect$$rtentry$$00000002  c_w.l(__rtentry2.o)
    0x08000182   0x08000182   0x00000006   Code   RO          726    .ARM.Collect$$rtentry$$00000004  c_w.l(__rtentry4.o)
    0x08000188   0x08000188   0x00000000   Code   RO          716    .ARM.Collect$$rtentry$$00000009  c_w.l(__rtentry2.o)
    0x08000188   0x08000188   0x00000004   Code   RO          717    .ARM.Collect$$rtentry$$0000000A  c_w.l(__rtentry2.o)
    0x0800018c   0x0800018c   0x00000000   Code   RO          719    .ARM.Collect$$rtentry$$0000000C  c_w.l(__rtentry2.o)
    0x0800018c   0x0800018c   0x00000008   Code   RO          720    .ARM.Collect$$rtentry$$0000000D  c_w.l(__rtentry2.o)
    0x08000194   0x08000194   0x00000002   Code   RO          837    .ARM.Collect$$rtexit$$00000000  c_w.l(rtexit.o)
    0x08000196   0x08000196   0x00000000   Code   RO          844    .ARM.Collect$$rtexit$$00000002  c_w.l(rtexit2.o)
    0x08000196   0x08000196   0x00000004   Code   RO          845    .ARM.Collect$$rtexit$$00000003  c_w.l(rtexit2.o)
    0x0800019a   0x0800019a   0x00000006   Code   RO          846    .ARM.Collect$$rtexit$$00000004  c_w.l(rtexit2.o)
    0x080001a0   0x080001a0   0x0000004a   Code   RO            1    .text               main.o
    0x080001ea   0x080001ea   0x0000001a   Code   RO          133    .text               stm32f10x_it.o
    0x08000204   0x08000204   0x000001e0   Code   RO          174    .text               system_stm32f10x.o
    0x080003e4   0x080003e4   0x00000064   Code   RO          192    .text               led.o
    0x08000448   0x08000448   0x000000e8   Code   RO          204    .text               key.o
    0x08000530   0x08000530   0x000000a8   Code   RO          217    .text               wdg.o
    0x080005d8   0x080005d8   0x000001f8   Code   RO          235    .text               timer.o
    0x080007d0   0x080007d0   0x00000594   Code   RO          247    .text               ultrasonicwave.o
    0x08000d64   0x08000d64   0x00000038   Code   RO          269    .text               beep.o
    0x08000d9c   0x08000d9c   0x0000012c   Code   RO          281    .text               motor.o
    0x08000ec8   0x08000ec8   0x000000ac   Code   RO          293    .text               delay.o
    0x08000f74   0x08000f74   0x0000000c   Code   RO          307    .text               sys.o
    0x08000f80   0x08000f80   0x00000140   Code   RO          319    .text               usart.o
    0x080010c0   0x080010c0   0x00000040   Code   RO          356    .text               startup_stm32f10x_md.o
    0x08001100   0x08001100   0x000000dc   Code   RO          360    .text               misc.o
    0x080011dc   0x080011dc   0x0000011c   Code   RO          468    .text               stm32f10x_exti.o
    0x080012f8   0x080012f8   0x0000035c   Code   RO          504    .text               stm32f10x_gpio.o
    0x08001654   0x08001654   0x00000040   Code   RO          528    .text               stm32f10x_iwdg.o
    0x08001694   0x08001694   0x000003a4   Code   RO          552    .text               stm32f10x_rcc.o
    0x08001a38   0x08001a38   0x00000e1a   Code   RO          602    .text               stm32f10x_tim.o
    0x08002852   0x08002852   0x00000002   PAD
    0x08002854   0x08002854   0x00000408   Code   RO          614    .text               stm32f10x_usart.o
    0x08002c5c   0x08002c5c   0x00000088   Code   RO          626    .text               stm32f10x_wwdg.o
    0x08002ce4   0x08002ce4   0x00000002   Code   RO          640    .text               c_w.l(use_no_semi_2.o)
    0x08002ce6   0x08002ce6   0x00000002   PAD
    0x08002ce8   0x08002ce8   0x00000018   Code   RO          644    .text               c_w.l(noretval__2printf.o)
    0x08002d00   0x08002d00   0x00000160   Code   RO          663    .text               c_w.l(__printf_ss_wp.o)
    0x08002e60   0x08002e60   0x00000006   Code   RO          670    .text               c_w.l(heapauxi.o)
    0x08002e66   0x08002e66   0x00000002   Code   RO          698    .text               c_w.l(use_no_semi.o)
    0x08002e68   0x08002e68   0x0000041e   Code   RO          701    .text               c_w.l(_printf_fp_dec.o)
    0x08003286   0x08003286   0x00000002   PAD
    0x08003288   0x08003288   0x00000024   Code   RO          703    .text               c_w.l(_printf_char_file.o)
    0x080032ac   0x080032ac   0x00000008   Code   RO          731    .text               c_w.l(rt_locale_intlibspace.o)
    0x080032b4   0x080032b4   0x0000008a   Code   RO          733    .text               c_w.l(lludiv10.o)
    0x0800333e   0x0800333e   0x00000002   PAD
    0x08003340   0x08003340   0x00000030   Code   RO          735    .text               c_w.l(_printf_char_common.o)
    0x08003370   0x08003370   0x00000080   Code   RO          737    .text               c_w.l(_printf_fp_infnan.o)
    0x080033f0   0x080033f0   0x000000e4   Code   RO          739    .text               c_w.l(bigflt0.o)
    0x080034d4   0x080034d4   0x00000008   Code   RO          764    .text               c_w.l(ferror.o)
    0x080034dc   0x080034dc   0x00000008   Code   RO          775    .text               c_w.l(libspace.o)
    0x080034e4   0x080034e4   0x0000004a   Code   RO          778    .text               c_w.l(sys_stackheap_outer.o)
    0x0800352e   0x0800352e   0x00000012   Code   RO          782    .text               c_w.l(exit.o)
    0x08003540   0x08003540   0x00000080   Code   RO          784    .text               c_w.l(strcmpv7m.o)
    0x080035c0   0x080035c0   0x0000003e   Code   RO          742    CL$$btod_d2e        c_w.l(btod.o)
    0x080035fe   0x080035fe   0x00000046   Code   RO          744    CL$$btod_d2e_denorm_low  c_w.l(btod.o)
    0x08003644   0x08003644   0x00000060   Code   RO          743    CL$$btod_d2e_norm_op1  c_w.l(btod.o)
    0x080036a4   0x080036a4   0x00000338   Code   RO          752    CL$$btod_div_common  c_w.l(btod.o)
    0x080039dc   0x080039dc   0x000000dc   Code   RO          749    CL$$btod_e2e        c_w.l(btod.o)
    0x08003ab8   0x08003ab8   0x0000002a   Code   RO          746    CL$$btod_ediv       c_w.l(btod.o)
    0x08003ae2   0x08003ae2   0x0000002a   Code   RO          745    CL$$btod_emul       c_w.l(btod.o)
    0x08003b0c   0x08003b0c   0x00000244   Code   RO          751    CL$$btod_mult_common  c_w.l(btod.o)
    0x08003d50   0x08003d50   0x00000028   Code   RO          773    i.__ARM_fpclassify  m_ws.l(fpclassify.o)
    0x08003d78   0x08003d78   0x0000000e   Code   RO          658    i._is_digit         c_w.l(__printf_wp.o)
    0x08003d86   0x08003d86   0x00000002   PAD
    0x08003d88   0x08003d88   0x0000002c   Code   RO          769    locale$$code        c_w.l(lc_numeric_c.o)
    0x08003db4   0x08003db4   0x00000150   Code   RO          674    x$fpl$dadd          fz_ws.l(daddsub_clz.o)
    0x08003f04   0x08003f04   0x00000018   Code   RO          706    x$fpl$dcmpinf       fz_ws.l(dcmpi.o)
    0x08003f1c   0x08003f1c   0x000002b0   Code   RO          681    x$fpl$ddiv          fz_ws.l(ddiv.o)
    0x080041cc   0x080041cc   0x0000002e   Code   RO          685    x$fpl$dflt          fz_ws.l(dflt_clz.o)
    0x080041fa   0x080041fa   0x00000002   PAD
    0x080041fc   0x080041fc   0x00000078   Code   RO          690    x$fpl$dleqf         fz_ws.l(dleqf.o)
    0x08004274   0x08004274   0x00000154   Code   RO          692    x$fpl$dmul          fz_ws.l(dmul.o)
    0x080043c8   0x080043c8   0x0000009c   Code   RO          708    x$fpl$dnaninf       fz_ws.l(dnaninf.o)
    0x08004464   0x08004464   0x0000000c   Code   RO          710    x$fpl$dretinf       fz_ws.l(dretinf.o)
    0x08004470   0x08004470   0x0000006c   Code   RO          694    x$fpl$drleqf        fz_ws.l(drleqf.o)
    0x080044dc   0x080044dc   0x00000016   Code   RO          675    x$fpl$drsb          fz_ws.l(daddsub_clz.o)
    0x080044f2   0x080044f2   0x00000002   PAD
    0x080044f4   0x080044f4   0x000001d4   Code   RO          676    x$fpl$dsub          fz_ws.l(daddsub_clz.o)
    0x080046c8   0x080046c8   0x00000004   Code   RO          696    x$fpl$printf1       fz_ws.l(printf1.o)
    0x080046cc   0x080046cc   0x00000000   Code   RO          712    x$fpl$usenofp       fz_ws.l(usenofp.o)
    0x080046cc   0x080046cc   0x00000094   Data   RO          740    .constdata          c_w.l(bigflt0.o)
    0x08004760   0x08004760   0x00000020   Data   RO          912    Region$$Table       anon$$obj.o
    0x08004780   0x08004780   0x0000001c   Data   RO          768    locale$$data        c_w.l(lc_numeric_c.o)


    Execution Region RW_IRAM1 (Exec base: 0x20000000, Load base: 0x0800479c, Size: 0x00000710, Max: 0x00005000, ABSOLUTE)

    Exec Addr    Load Addr    Size         Type   Attr      Idx    E Section Name        Object

    0x20000000   0x0800479c   0x00000014   Data   RW          175    .data               system_stm32f10x.o
    0x20000014   0x080047b0   0x00000001   Data   RW          205    .data               key.o
    0x20000015   0x080047b1   0x00000003   PAD
    0x20000018   0x080047b4   0x00000034   Data   RW          248    .data               ultrasonicwave.o
    0x2000004c   0x080047e8   0x00000004   Data   RW          294    .data               delay.o
    0x20000050   0x080047ec   0x00000005   Data   RW          321    .data               usart.o
    0x20000055   0x080047f1   0x00000014   Data   RW          553    .data               stm32f10x_rcc.o
    0x20000069   0x08004805   0x00000003   PAD
    0x2000006c        -       0x00000040   Zero   RW          320    .bss                usart.o
    0x200000ac        -       0x00000060   Zero   RW          776    .bss                c_w.l(libspace.o)
    0x2000010c   0x08004805   0x00000004   PAD
    0x20000110        -       0x00000200   Zero   RW          354    HEAP                startup_stm32f10x_md.o
    0x20000310        -       0x00000400   Zero   RW          353    STACK               startup_stm32f10x_md.o


==============================================================================

Image component sizes


      Code (inc. data)   RO Data    RW Data    ZI Data      Debug   Object Name

        56          6          0          0          0        488   beep.o
         0          0          0          0          0         32   core_cm3.o
       172          8          0          4          0       1079   delay.o
       232         20          0          1          0        784   key.o
       100          8          0          0          0        507   led.o
        74          0          0          0          0     254027   main.o
       220         22          0          0          0       1793   misc.o
       300         16          0          0          0       1673   motor.o
        64         26        236          0       1536        784   startup_stm32f10x_md.o
       284         10          0          0          0       2251   stm32f10x_exti.o
       860         38          0          0          0       5729   stm32f10x_gpio.o
        26          0          0          0          0       1178   stm32f10x_it.o
        64          6          0          0          0       1277   stm32f10x_iwdg.o
       932         36          0         20          0       8908   stm32f10x_rcc.o
      3610         88          0          0          0      22836   stm32f10x_tim.o
      1032         22          0          0          0       8452   stm32f10x_usart.o
       136         10          0          0          0       2292   stm32f10x_wwdg.o
        12          0          0          0          0        449   sys.o
       480         38          0         20          0       1731   system_stm32f10x.o
       504         16          0          0          0       1662   timer.o
      1428        160          0         52          0       2242   ultrasonicwave.o
       320         16          0          5         64       3166   usart.o
       168          6          0          0          0       1396   wdg.o

    ----------------------------------------------------------------------
     11076        552        268        108       1600     324736   Object Totals
         0          0         32          0          0          0   (incl. Generated)
         2          0          0          6          0          0   (incl. Padding)

    ----------------------------------------------------------------------

      Code (inc. data)   RO Data    RW Data    ZI Data      Debug   Library Member Name

         8          0          0          0          0         68   __main.o
       352          0          0          0          0         88   __printf_ss_wp.o
        14          0          0          0          0         68   __printf_wp.o
         0          0          0          0          0          0   __rtentry.o
        12          0          0          0          0          0   __rtentry2.o
         6          0          0          0          0          0   __rtentry4.o
        52          8          0          0          0          0   __scatter.o
        26          0          0          0          0          0   __scatter_copy.o
        28          0          0          0          0          0   __scatter_zi.o
        48          6          0          0          0         96   _printf_char_common.o
        36          4          0          0          0         80   _printf_char_file.o
         6          0          0          0          0          0   _printf_f.o
      1054          0          0          0          0        216   _printf_fp_dec.o
       128         16          0          0          0         84   _printf_fp_infnan.o
         0          0          0          0          0          0   _printf_percent.o
         4          0          0          0          0          0   _printf_percent_end.o
       228          4        148          0          0         96   bigflt0.o
      1936        128          0          0          0        672   btod.o
        18          0          0          0          0         80   exit.o
         8          0          0          0          0         68   ferror.o
         6          0          0          0          0        152   heapauxi.o
        44         10         28          0          0         76   lc_numeric_c.o
         2          0          0          0          0          0   libinit.o
        18          0          0          0          0          0   libinit2.o
         2          0          0          0          0          0   libshutdown.o
         2          0          0          0          0          0   libshutdown2.o
         8          4          0          0         96         68   libspace.o
       138          0          0          0          0         80   lludiv10.o
        24          4          0          0          0         84   noretval__2printf.o
         8          4          0          0          0         68   rt_locale_intlibspace.o
         2          0          0          0          0          0   rtexit.o
        10          0          0          0          0          0   rtexit2.o
       128          0          0          0          0         68   strcmpv7m.o
        74          0          0          0          0         80   sys_stackheap_outer.o
         2          0          0          0          0         68   use_no_semi.o
         2          0          0          0          0         68   use_no_semi_2.o
       826         16          0          0          0        348   daddsub_clz.o
        24          0          0          0          0         68   dcmpi.o
       688        140          0          0          0        208   ddiv.o
        46          0          0          0          0         68   dflt_clz.o
       120          4          0          0          0         92   dleqf.o
       340         12          0          0          0        104   dmul.o
       156          4          0          0          0         92   dnaninf.o
        12          0          0          0          0         68   dretinf.o
       108          0          0          0          0         80   drleqf.o
         4          0          0          0          0         68   printf1.o
         0          0          0          0          0          0   usenofp.o
        40          0          0          0          0         68   fpclassify.o

    ----------------------------------------------------------------------
      6812        364        176          0        100       3692   Library Totals
        14          0          0          0          4          0   (incl. Padding)

    ----------------------------------------------------------------------

      Code (inc. data)   RO Data    RW Data    ZI Data      Debug   Library Name

      4434        188        176          0         96       2428   c_w.l
      2324        176          0          0          0       1196   fz_ws.l
        40          0          0          0          0         68   m_ws.l

    ----------------------------------------------------------------------
      6812        364        176          0        100       3692   Library Totals

    ----------------------------------------------------------------------

==============================================================================


      Code (inc. data)   RO Data    RW Data    ZI Data      Debug   

     17888        916        444        108       1700     324732   Grand Totals
     17888        916        444        108       1700     324732   ELF Image Totals
     17888        916        444        108          0          0   ROM Totals

==============================================================================

    Total RO  Size (Code + RO Data)                18332 (  17.90kB)
    Total RW  Size (RW Data + ZI Data)              1808 (   1.77kB)
    Total ROM Size (Code + RO Data + RW Data)      18440 (  18.01kB)

==============================================================================

