<html>
<body>
<pre>
<h1>礦ision Build Log</h1>
<h2>Project:</h2>
Q:\桌面\STM32\ALIENTEK MiniSTM32开发板例程-库函数V3.5版本\ALIENTEK MINISTM32 实验7 定时器中断实验\USER\TIMER.uvproj
Project File Date:  11/27/2013

<h2>Output:</h2>
Rebuild target 'Target 1'
compiling main.c...
compiling stm32f10x_it.c...
compiling system_stm32f10x.c...
compiling led.c...
compiling key.c...
compiling exti.c...
compiling wdg.c...
compiling timer.c...
compiling delay.c...
compiling sys.c...
compiling usart.c...
compiling core_cm3.c...
assembling startup_stm32f10x_md.s...
compiling misc.c...
compiling stm32f10x_adc.c...
compiling stm32f10x_bkp.c...
compiling stm32f10x_can.c...
compiling stm32f10x_cec.c...
compiling stm32f10x_crc.c...
compiling stm32f10x_dac.c...
compiling stm32f10x_dbgmcu.c...
compiling stm32f10x_dma.c...
compiling stm32f10x_exti.c...
compiling stm32f10x_flash.c...
compiling stm32f10x_fsmc.c...
compiling stm32f10x_gpio.c...
compiling stm32f10x_i2c.c...
compiling stm32f10x_iwdg.c...
compiling stm32f10x_pwr.c...
compiling stm32f10x_rcc.c...
compiling stm32f10x_rtc.c...
compiling stm32f10x_sdio.c...
compiling stm32f10x_spi.c...
compiling stm32f10x_tim.c...
compiling stm32f10x_usart.c...
compiling stm32f10x_wwdg.c...
linking...
Program Size: Code=9444 RO-data=268 RW-data=56 ZI-data=1696  
FromELF: creating hex file...
"TIMER.axf" - 0 Error(s), 0 Warning(s).
Rebuild target 'Target 1'
compiling main.c...
compiling stm32f10x_it.c...
compiling system_stm32f10x.c...
compiling led.c...
compiling key.c...
compiling exti.c...
compiling wdg.c...
compiling timer.c...
compiling delay.c...
compiling sys.c...
compiling usart.c...
compiling core_cm3.c...
assembling startup_stm32f10x_md.s...
compiling misc.c...
compiling stm32f10x_adc.c...
compiling stm32f10x_bkp.c...
compiling stm32f10x_can.c...
compiling stm32f10x_cec.c...
compiling stm32f10x_crc.c...
compiling stm32f10x_dac.c...
compiling stm32f10x_dbgmcu.c...
compiling stm32f10x_dma.c...
compiling stm32f10x_exti.c...
compiling stm32f10x_flash.c...
compiling stm32f10x_fsmc.c...
compiling stm32f10x_gpio.c...
compiling stm32f10x_i2c.c...
compiling stm32f10x_iwdg.c...
compiling stm32f10x_pwr.c...
compiling stm32f10x_rcc.c...
compiling stm32f10x_rtc.c...
compiling stm32f10x_sdio.c...
compiling stm32f10x_spi.c...
compiling stm32f10x_tim.c...
compiling stm32f10x_usart.c...
compiling stm32f10x_wwdg.c...
linking...
Program Size: Code=9444 RO-data=268 RW-data=56 ZI-data=1696  
FromELF: creating hex file...
"TIMER.axf" - 0 Error(s), 0 Warning(s).
Load "Q:\\桌面\\STM32\\ALIENTEK MiniSTM32开发板例程-库函数V3.5版本\\ALIENTEK MINISTM32 实验7 定时器中断实验\\USER\\TIMER.AXF" 
* JLink Info: Device "STM32F103RB" selected (128 KB flash, 20 KB RAM).
Set JLink Project File to "Q:\桌面\STM32\ALIENTEK MiniSTM32开发板例程-库函数V3.5版本\ALIENTEK MINISTM32 实验7 定时器中断实验\USER\JLinkSettings.ini"
 
JLink info:
------------
DLL: V4.40c, compiled Jan 24 2012 09:30:33
Firmware: J-Link ARM V8 compiled Nov 14 2012 22:34:52
Hardware: V8.00
S/N : 270676280 
Feature(s) : RDI,FlashDL,FlashBP,JFlash,GDBFULL 
 
* JLink Info: Found SWD-DP with ID 0x1BA01477
* JLink Info: TPIU fitted.
* JLink Info:   FPUnit: 6 code (BP) slots and 2 literal slots
* JLink Info: Found Cortex-M3 r1p1, Little endian.
ROMTableAddr = 0xE00FF003
* JLink Info: Found SWD-DP with ID 0x1BA01477
* JLink Info: TPIU fitted.
* JLink Info:   FPUnit: 6 code (BP) slots and 2 literal slots
* JLink Info: Found Cortex-M3 r1p1, Little endian.
 
Target info:
------------
Device: STM32F103RB
VTarget = 3.287V
State of Pins: 
TCK: 0, TDI: 1, TDO: 1, TMS: 1, TRES: 1, TRST: 1
Hardware-Breakpoints: 6
Software-Breakpoints: 8192
Watchpoints:          4
JTAG speed: 4000 kHz
 
Erase Done.
Programming Done.
Verify OK.
Build target 'Target 1'
compiling main.c...
compiling led.c...
compiling timer.c...
linking...
Program Size: Code=9440 RO-data=268 RW-data=56 ZI-data=1696  
FromELF: creating hex file...
"TIMER.axf" - 0 Error(s), 0 Warning(s).
Load "Q:\\桌面\\STM32\\ALIENTEK MiniSTM32开发板例程-库函数V3.5版本\\ALIENTEK MINISTM32 实验7 定时器中断实验\\USER\\TIMER.AXF" 
* JLink Info: Device "STM32F103RB" selected (128 KB flash, 20 KB RAM).
Set JLink Project File to "Q:\桌面\STM32\ALIENTEK MiniSTM32开发板例程-库函数V3.5版本\ALIENTEK MINISTM32 实验7 定时器中断实验\USER\JLinkSettings.ini"
 
JLink info:
------------
DLL: V4.40c, compiled Jan 24 2012 09:30:33
Firmware: J-Link ARM V8 compiled Nov 14 2012 22:34:52
Hardware: V8.00
S/N : 270676280 
Feature(s) : RDI,FlashDL,FlashBP,JFlash,GDBFULL 
 
**JLink Warning: RESET (pin 15) high, but should be low. Please check target hardware.
***JLink Error: Supply voltage too low (1 Volt is required, Measured: 0.0 Volt).
Please check target power.
Load "Q:\\桌面\\STM32\\ALIENTEK MiniSTM32开发板例程-库函数V3.5版本\\ALIENTEK MINISTM32 实验7 定时器中断实验\\USER\\TIMER.AXF" 
* JLink Info: Device "STM32F103RB" selected (128 KB flash, 20 KB RAM).
Set JLink Project File to "Q:\桌面\STM32\ALIENTEK MiniSTM32开发板例程-库函数V3.5版本\ALIENTEK MINISTM32 实验7 定时器中断实验\USER\JLinkSettings.ini"
 
JLink info:
------------
DLL: V4.40c, compiled Jan 24 2012 09:30:33
Firmware: J-Link ARM V8 compiled Nov 14 2012 22:34:52
Hardware: V8.00
S/N : 270676280 
Feature(s) : RDI,FlashDL,FlashBP,JFlash,GDBFULL 
 
* JLink Info: Found SWD-DP with ID 0x1BA01477
* JLink Info: TPIU fitted.
* JLink Info:   FPUnit: 6 code (BP) slots and 2 literal slots
* JLink Info: Found Cortex-M3 r1p1, Little endian.
ROMTableAddr = 0xE00FF003
* JLink Info: Found SWD-DP with ID 0x1BA01477
* JLink Info: TPIU fitted.
* JLink Info:   FPUnit: 6 code (BP) slots and 2 literal slots
* JLink Info: Found Cortex-M3 r1p1, Little endian.
 
Target info:
------------
Device: STM32F103RB
VTarget = 3.280V
State of Pins: 
TCK: 0, TDI: 1, TDO: 1, TMS: 1, TRES: 1, TRST: 1
Hardware-Breakpoints: 6
Software-Breakpoints: 8192
Watchpoints:          4
JTAG speed: 4000 kHz
 
Erase Done.
Programming Done.
Verify OK.
Rebuild target 'Target 1'
compiling main.c...
compiling stm32f10x_it.c...
compiling system_stm32f10x.c...
compiling led.c...
compiling key.c...
compiling exti.c...
compiling wdg.c...
compiling timer.c...
compiling delay.c...
compiling sys.c...
compiling usart.c...
compiling core_cm3.c...
assembling startup_stm32f10x_md.s...
compiling misc.c...
compiling stm32f10x_adc.c...
compiling stm32f10x_bkp.c...
compiling stm32f10x_can.c...
compiling stm32f10x_cec.c...
compiling stm32f10x_crc.c...
compiling stm32f10x_dac.c...
compiling stm32f10x_dbgmcu.c...
compiling stm32f10x_dma.c...
compiling stm32f10x_exti.c...
compiling stm32f10x_flash.c...
compiling stm32f10x_fsmc.c...
compiling stm32f10x_gpio.c...
compiling stm32f10x_i2c.c...
compiling stm32f10x_iwdg.c...
compiling stm32f10x_pwr.c...
compiling stm32f10x_rcc.c...
compiling stm32f10x_rtc.c...
compiling stm32f10x_sdio.c...
compiling stm32f10x_spi.c...
compiling stm32f10x_tim.c...
compiling stm32f10x_usart.c...
compiling stm32f10x_wwdg.c...
linking...
Program Size: Code=9440 RO-data=268 RW-data=56 ZI-data=1696  
FromELF: creating hex file...
"TIMER.axf" - 0 Error(s), 0 Warning(s).
Load "Q:\\桌面\\STM32\\ALIENTEK MiniSTM32开发板例程-库函数V3.5版本\\ALIENTEK MINISTM32 实验7 定时器中断实验\\USER\\TIMER.AXF" 
* JLink Info: Device "STM32F103RB" selected (128 KB flash, 20 KB RAM).
Set JLink Project File to "Q:\桌面\STM32\ALIENTEK MiniSTM32开发板例程-库函数V3.5版本\ALIENTEK MINISTM32 实验7 定时器中断实验\USER\JLinkSettings.ini"
 
JLink info:
------------
DLL: V4.40c, compiled Jan 24 2012 09:30:33
Firmware: J-Link ARM V8 compiled Nov 14 2012 22:34:52
Hardware: V8.00
S/N : 270676280 
Feature(s) : RDI,FlashDL,FlashBP,JFlash,GDBFULL 
 
* JLink Info: Found SWD-DP with ID 0x1BA01477
* JLink Info: TPIU fitted.
* JLink Info:   FPUnit: 6 code (BP) slots and 2 literal slots
* JLink Info: Found Cortex-M3 r1p1, Little endian.
ROMTableAddr = 0xE00FF003
* JLink Info: Found SWD-DP with ID 0x1BA01477
* JLink Info: TPIU fitted.
* JLink Info:   FPUnit: 6 code (BP) slots and 2 literal slots
* JLink Info: Found Cortex-M3 r1p1, Little endian.
 
Target info:
------------
Device: STM32F103RB
VTarget = 3.287V
State of Pins: 
TCK: 0, TDI: 1, TDO: 1, TMS: 1, TRES: 1, TRST: 1
Hardware-Breakpoints: 6
Software-Breakpoints: 8192
Watchpoints:          4
JTAG speed: 4000 kHz
 
Erase Done.
Programming Done.
Verify OK.
Rebuild target 'Target 1'
compiling main.c...
compiling stm32f10x_it.c...
compiling system_stm32f10x.c...
compiling led.c...
compiling key.c...
compiling exti.c...
compiling wdg.c...
compiling timer.c...
compiling delay.c...
compiling sys.c...
compiling usart.c...
compiling core_cm3.c...
assembling startup_stm32f10x_md.s...
compiling misc.c...
compiling stm32f10x_adc.c...
compiling stm32f10x_bkp.c...
compiling stm32f10x_can.c...
compiling stm32f10x_cec.c...
compiling stm32f10x_crc.c...
compiling stm32f10x_dac.c...
compiling stm32f10x_dbgmcu.c...
compiling stm32f10x_dma.c...
compiling stm32f10x_exti.c...
compiling stm32f10x_flash.c...
compiling stm32f10x_fsmc.c...
compiling stm32f10x_gpio.c...
compiling stm32f10x_i2c.c...
compiling stm32f10x_iwdg.c...
compiling stm32f10x_pwr.c...
compiling stm32f10x_rcc.c...
compiling stm32f10x_rtc.c...
compiling stm32f10x_sdio.c...
compiling stm32f10x_spi.c...
compiling stm32f10x_tim.c...
compiling stm32f10x_usart.c...
compiling stm32f10x_wwdg.c...
linking...
Program Size: Code=9416 RO-data=268 RW-data=56 ZI-data=1696  
FromELF: creating hex file...
"TIMER.axf" - 0 Error(s), 0 Warning(s).
Load "Q:\\桌面\\STM32\\ALIENTEK MiniSTM32开发板例程-库函数V3.5版本\\ALIENTEK MINISTM32 实验7 定时器中断实验\\USER\\TIMER.AXF" 
* JLink Info: Device "STM32F103RB" selected (128 KB flash, 20 KB RAM).
Set JLink Project File to "Q:\桌面\STM32\ALIENTEK MiniSTM32开发板例程-库函数V3.5版本\ALIENTEK MINISTM32 实验7 定时器中断实验\USER\JLinkSettings.ini"
 
JLink info:
------------
DLL: V4.40c, compiled Jan 24 2012 09:30:33
Firmware: J-Link ARM V8 compiled Nov 14 2012 22:34:52
Hardware: V8.00
S/N : 270676280 
Feature(s) : RDI,FlashDL,FlashBP,JFlash,GDBFULL 
 
* JLink Info: Found SWD-DP with ID 0x1BA01477
* JLink Info: TPIU fitted.
* JLink Info:   FPUnit: 6 code (BP) slots and 2 literal slots
* JLink Info: Found Cortex-M3 r1p1, Little endian.
ROMTableAddr = 0xE00FF003
* JLink Info: Found SWD-DP with ID 0x1BA01477
* JLink Info: TPIU fitted.
* JLink Info:   FPUnit: 6 code (BP) slots and 2 literal slots
* JLink Info: Found Cortex-M3 r1p1, Little endian.
 
Target info:
------------
Device: STM32F103RB
VTarget = 3.280V
State of Pins: 
TCK: 0, TDI: 1, TDO: 1, TMS: 1, TRES: 1, TRST: 1
Hardware-Breakpoints: 6
Software-Breakpoints: 8192
Watchpoints:          4
JTAG speed: 4000 kHz
 
Erase Done.
Programming Done.
Verify OK.
Build target 'Target 1'
compiling main.c...
linking...
Program Size: Code=9444 RO-data=268 RW-data=56 ZI-data=1696  
FromELF: creating hex file...
"TIMER.axf" - 0 Error(s), 0 Warning(s).
Rebuild target 'Target 1'
compiling main.c...
main.c(17): warning:  #223-D: function "uart_init" declared implicitly
main.c(19): warning:  #223-D: function "KEY_Init" declared implicitly
compiling stm32f10x_it.c...
compiling system_stm32f10x.c...
compiling led.c...
compiling key.c...
compiling exti.c...
compiling wdg.c...
compiling timer.c...
compiling delay.c...
compiling sys.c...
compiling usart.c...
compiling core_cm3.c...
assembling startup_stm32f10x_md.s...
compiling misc.c...
compiling stm32f10x_adc.c...
compiling stm32f10x_bkp.c...
compiling stm32f10x_can.c...
compiling stm32f10x_cec.c...
compiling stm32f10x_crc.c...
compiling stm32f10x_dac.c...
compiling stm32f10x_dbgmcu.c...
compiling stm32f10x_dma.c...
compiling stm32f10x_exti.c...
compiling stm32f10x_flash.c...
compiling stm32f10x_fsmc.c...
compiling stm32f10x_gpio.c...
compiling stm32f10x_i2c.c...
Project build/rebuild aborted.
Target not created
Rebuild target 'Target 1'
compiling main.c...
main.c(19): warning:  #223-D: function "KEY_Init" declared implicitly
compiling stm32f10x_it.c...
compiling system_stm32f10x.c...
compiling led.c...
compiling key.c...
compiling exti.c...
Project build/rebuild aborted.
Target not created
Rebuild target 'Target 1'
compiling main.c...
compiling stm32f10x_it.c...
compiling system_stm32f10x.c...
compiling led.c...
compiling key.c...
compiling exti.c...
compiling wdg.c...
compiling timer.c...
compiling delay.c...
compiling sys.c...
compiling usart.c...
compiling core_cm3.c...
assembling startup_stm32f10x_md.s...
compiling misc.c...
compiling stm32f10x_adc.c...
compiling stm32f10x_bkp.c...
compiling stm32f10x_can.c...
compiling stm32f10x_cec.c...
compiling stm32f10x_crc.c...
compiling stm32f10x_dac.c...
compiling stm32f10x_dbgmcu.c...
compiling stm32f10x_dma.c...
compiling stm32f10x_exti.c...
compiling stm32f10x_flash.c...
compiling stm32f10x_fsmc.c...
compiling stm32f10x_gpio.c...
compiling stm32f10x_i2c.c...
compiling stm32f10x_iwdg.c...
compiling stm32f10x_pwr.c...
compiling stm32f10x_rcc.c...
compiling stm32f10x_rtc.c...
compiling stm32f10x_sdio.c...
compiling stm32f10x_spi.c...
compiling stm32f10x_tim.c...
compiling stm32f10x_usart.c...
compiling stm32f10x_wwdg.c...
linking...
Program Size: Code=9212 RO-data=268 RW-data=52 ZI-data=1700  
FromELF: creating hex file...
"TIMER.axf" - 0 Error(s), 0 Warning(s).
Load "Q:\\桌面\\STM32\\ALIENTEK MiniSTM32开发板例程-库函数V3.5版本\\ALIENTEK MINISTM32 实验7 定时器中断实验\\USER\\TIMER.AXF" 
* JLink Info: Device "STM32F103RB" selected (128 KB flash, 20 KB RAM).
Set JLink Project File to "Q:\桌面\STM32\ALIENTEK MiniSTM32开发板例程-库函数V3.5版本\ALIENTEK MINISTM32 实验7 定时器中断实验\USER\JLinkSettings.ini"
 
JLink info:
------------
DLL: V4.40c, compiled Jan 24 2012 09:30:33
Firmware: J-Link ARM V8 compiled Nov 14 2012 22:34:52
Hardware: V8.00
S/N : 270676280 
Feature(s) : RDI,FlashDL,FlashBP,JFlash,GDBFULL 
 
* JLink Info: Found SWD-DP with ID 0x1BA01477
* JLink Info: TPIU fitted.
* JLink Info:   FPUnit: 6 code (BP) slots and 2 literal slots
* JLink Info: Found Cortex-M3 r1p1, Little endian.
ROMTableAddr = 0xE00FF003
* JLink Info: Found SWD-DP with ID 0x1BA01477
* JLink Info: TPIU fitted.
* JLink Info:   FPUnit: 6 code (BP) slots and 2 literal slots
* JLink Info: Found Cortex-M3 r1p1, Little endian.
 
Target info:
------------
Device: STM32F103RB
VTarget = 3.280V
State of Pins: 
TCK: 0, TDI: 1, TDO: 1, TMS: 1, TRES: 1, TRST: 1
Hardware-Breakpoints: 6
Software-Breakpoints: 8192
Watchpoints:          4
JTAG speed: 4000 kHz
 
Erase Done.
Programming Done.
Verify OK.
Build target 'Target 1'
compiling main.c...
compiling exti.c...
linking...
Program Size: Code=9416 RO-data=268 RW-data=56 ZI-data=1696  
FromELF: creating hex file...
"TIMER.axf" - 0 Error(s), 0 Warning(s).
Load "Q:\\桌面\\STM32\\ALIENTEK MiniSTM32开发板例程-库函数V3.5版本\\ALIENTEK MINISTM32 实验7 定时器中断实验\\USER\\TIMER.AXF" 
* JLink Info: Device "STM32F103RB" selected (128 KB flash, 20 KB RAM).
Set JLink Project File to "Q:\桌面\STM32\ALIENTEK MiniSTM32开发板例程-库函数V3.5版本\ALIENTEK MINISTM32 实验7 定时器中断实验\USER\JLinkSettings.ini"
 
JLink info:
------------
DLL: V4.40c, compiled Jan 24 2012 09:30:33
Firmware: J-Link ARM V8 compiled Nov 14 2012 22:34:52
Hardware: V8.00
S/N : 270676280 
Feature(s) : RDI,FlashDL,FlashBP,JFlash,GDBFULL 
 
* JLink Info: Found SWD-DP with ID 0x1BA01477
* JLink Info: TPIU fitted.
* JLink Info:   FPUnit: 6 code (BP) slots and 2 literal slots
* JLink Info: Found Cortex-M3 r1p1, Little endian.
ROMTableAddr = 0xE00FF003
* JLink Info: Found SWD-DP with ID 0x1BA01477
* JLink Info: TPIU fitted.
* JLink Info:   FPUnit: 6 code (BP) slots and 2 literal slots
* JLink Info: Found Cortex-M3 r1p1, Little endian.
 
Target info:
------------
Device: STM32F103RB
VTarget = 3.280V
State of Pins: 
TCK: 0, TDI: 1, TDO: 1, TMS: 1, TRES: 1, TRST: 1
Hardware-Breakpoints: 6
Software-Breakpoints: 8192
Watchpoints:          4
JTAG speed: 4000 kHz
 
Erase Done.
Programming Done.
Verify OK.
Build target 'Target 1'
compiling exti.c...
linking...
Program Size: Code=9392 RO-data=268 RW-data=56 ZI-data=1696  
FromELF: creating hex file...
"TIMER.axf" - 0 Error(s), 0 Warning(s).
Load "Q:\\桌面\\STM32\\ALIENTEK MiniSTM32开发板例程-库函数V3.5版本\\ALIENTEK MINISTM32 实验7 定时器中断实验\\USER\\TIMER.AXF" 
* JLink Info: Device "STM32F103RB" selected (128 KB flash, 20 KB RAM).
Set JLink Project File to "Q:\桌面\STM32\ALIENTEK MiniSTM32开发板例程-库函数V3.5版本\ALIENTEK MINISTM32 实验7 定时器中断实验\USER\JLinkSettings.ini"
 
JLink info:
------------
DLL: V4.40c, compiled Jan 24 2012 09:30:33
Firmware: J-Link ARM V8 compiled Nov 14 2012 22:34:52
Hardware: V8.00
S/N : 270676280 
Feature(s) : RDI,FlashDL,FlashBP,JFlash,GDBFULL 
 
* JLink Info: Found SWD-DP with ID 0x1BA01477
* JLink Info: TPIU fitted.
* JLink Info:   FPUnit: 6 code (BP) slots and 2 literal slots
* JLink Info: Found Cortex-M3 r1p1, Little endian.
ROMTableAddr = 0xE00FF003
* JLink Info: Found SWD-DP with ID 0x1BA01477
* JLink Info: TPIU fitted.
* JLink Info:   FPUnit: 6 code (BP) slots and 2 literal slots
* JLink Info: Found Cortex-M3 r1p1, Little endian.
 
Target info:
------------
Device: STM32F103RB
VTarget = 3.287V
State of Pins: 
TCK: 0, TDI: 1, TDO: 1, TMS: 1, TRES: 1, TRST: 1
Hardware-Breakpoints: 6
Software-Breakpoints: 8192
Watchpoints:          4
JTAG speed: 4000 kHz
 
Erase Done.
Programming Done.
Verify OK.
Build target 'Target 1'
compiling main.c...
linking...
Program Size: Code=9360 RO-data=268 RW-data=56 ZI-data=1696  
FromELF: creating hex file...
"TIMER.axf" - 0 Error(s), 0 Warning(s).
Build target 'Target 1'
linking...
Program Size: Code=9360 RO-data=268 RW-data=56 ZI-data=1696  
FromELF: creating hex file...
"TIMER.axf" - 0 Error(s), 0 Warning(s).
Load "Q:\\桌面\\STM32\\ALIENTEK MiniSTM32开发板例程-库函数V3.5版本\\ALIENTEK MINISTM32 实验7 定时器中断实验\\USER\\TIMER.AXF" 
* JLink Info: Device "STM32F103RB" selected (128 KB flash, 20 KB RAM).
Set JLink Project File to "Q:\桌面\STM32\ALIENTEK MiniSTM32开发板例程-库函数V3.5版本\ALIENTEK MINISTM32 实验7 定时器中断实验\USER\JLinkSettings.ini"
 
JLink info:
------------
DLL: V4.40c, compiled Jan 24 2012 09:30:33
Firmware: J-Link ARM V8 compiled Nov 14 2012 22:34:52
Hardware: V8.00
S/N : 270676280 
Feature(s) : RDI,FlashDL,FlashBP,JFlash,GDBFULL 
 
* JLink Info: Found SWD-DP with ID 0x1BA01477
* JLink Info: TPIU fitted.
* JLink Info:   FPUnit: 6 code (BP) slots and 2 literal slots
* JLink Info: Found Cortex-M3 r1p1, Little endian.
ROMTableAddr = 0xE00FF003
* JLink Info: Found SWD-DP with ID 0x1BA01477
* JLink Info: TPIU fitted.
* JLink Info:   FPUnit: 6 code (BP) slots and 2 literal slots
* JLink Info: Found Cortex-M3 r1p1, Little endian.
 
Target info:
------------
Device: STM32F103RB
VTarget = 3.287V
State of Pins: 
TCK: 0, TDI: 1, TDO: 1, TMS: 1, TRES: 1, TRST: 1
Hardware-Breakpoints: 6
Software-Breakpoints: 8192
Watchpoints:          4
JTAG speed: 4000 kHz
 
Erase Done.
Programming Done.
Verify OK.
Build target 'Target 1'
compiling exti.c...
..\HARDWARE\EXTI\exti.c(95): error:  #79: expected a type specifier
..\HARDWARE\EXTI\exti.c(95): warning:  #77-D: this declaration has no storage class or type specifier
..\HARDWARE\EXTI\exti.c(95): error:  #147: declaration is incompatible with "void EXTI_ClearITPendingBit(uint32_t)" (declared at line 165 of "..\STM32F10x_FWLib\inc\stm32f10x_exti.h")
..\HARDWARE\EXTI\exti.c(96): error:  #79: expected a type specifier
..\HARDWARE\EXTI\exti.c(96): warning:  #77-D: this declaration has no storage class or type specifier
..\HARDWARE\EXTI\exti.c(97): error:  #169: expected a declaration
Target not created
Build target 'Target 1'
compiling exti.c...
linking...
Program Size: Code=9332 RO-data=268 RW-data=56 ZI-data=1696  
FromELF: creating hex file...
"TIMER.axf" - 0 Error(s), 0 Warning(s).
Load "Q:\\桌面\\STM32\\ALIENTEK MiniSTM32开发板例程-库函数V3.5版本\\ALIENTEK MINISTM32 实验7 定时器中断实验\\USER\\TIMER.AXF" 
* JLink Info: Device "STM32F103RB" selected (128 KB flash, 20 KB RAM).
Set JLink Project File to "Q:\桌面\STM32\ALIENTEK MiniSTM32开发板例程-库函数V3.5版本\ALIENTEK MINISTM32 实验7 定时器中断实验\USER\JLinkSettings.ini"
 
JLink info:
------------
DLL: V4.40c, compiled Jan 24 2012 09:30:33
Firmware: J-Link ARM V8 compiled Nov 14 2012 22:34:52
Hardware: V8.00
S/N : 270676280 
Feature(s) : RDI,FlashDL,FlashBP,JFlash,GDBFULL 
 
* JLink Info: Found SWD-DP with ID 0x1BA01477
* JLink Info: TPIU fitted.
* JLink Info:   FPUnit: 6 code (BP) slots and 2 literal slots
* JLink Info: Found Cortex-M3 r1p1, Little endian.
ROMTableAddr = 0xE00FF003
* JLink Info: Found SWD-DP with ID 0x1BA01477
* JLink Info: TPIU fitted.
* JLink Info:   FPUnit: 6 code (BP) slots and 2 literal slots
* JLink Info: Found Cortex-M3 r1p1, Little endian.
 
Target info:
------------
Device: STM32F103RB
VTarget = 3.280V
State of Pins: 
TCK: 0, TDI: 1, TDO: 1, TMS: 1, TRES: 1, TRST: 1
Hardware-Breakpoints: 6
Software-Breakpoints: 8192
Watchpoints:          4
JTAG speed: 4000 kHz
 
Erase Done.
Programming Done.
Verify OK.
Build target 'Target 1'
compiling exti.c...
linking...
Program Size: Code=9412 RO-data=268 RW-data=56 ZI-data=1696  
FromELF: creating hex file...
"TIMER.axf" - 0 Error(s), 0 Warning(s).
Load "Q:\\桌面\\STM32\\ALIENTEK MiniSTM32开发板例程-库函数V3.5版本\\ALIENTEK MINISTM32 实验7 定时器中断实验\\USER\\TIMER.AXF" 
* JLink Info: Device "STM32F103RB" selected (128 KB flash, 20 KB RAM).
Set JLink Project File to "Q:\桌面\STM32\ALIENTEK MiniSTM32开发板例程-库函数V3.5版本\ALIENTEK MINISTM32 实验7 定时器中断实验\USER\JLinkSettings.ini"
 
JLink info:
------------
DLL: V4.40c, compiled Jan 24 2012 09:30:33
Firmware: J-Link ARM V8 compiled Nov 14 2012 22:34:52
Hardware: V8.00
S/N : 270676280 
Feature(s) : RDI,FlashDL,FlashBP,JFlash,GDBFULL 
 
* JLink Info: Found SWD-DP with ID 0x1BA01477
* JLink Info: TPIU fitted.
* JLink Info:   FPUnit: 6 code (BP) slots and 2 literal slots
* JLink Info: Found Cortex-M3 r1p1, Little endian.
ROMTableAddr = 0xE00FF003
* JLink Info: Found SWD-DP with ID 0x1BA01477
* JLink Info: TPIU fitted.
* JLink Info:   FPUnit: 6 code (BP) slots and 2 literal slots
* JLink Info: Found Cortex-M3 r1p1, Little endian.
 
Target info:
------------
Device: STM32F103RB
VTarget = 3.287V
State of Pins: 
TCK: 0, TDI: 1, TDO: 1, TMS: 1, TRES: 1, TRST: 1
Hardware-Breakpoints: 6
Software-Breakpoints: 8192
Watchpoints:          4
JTAG speed: 4000 kHz
 
Erase Done.
Programming Done.
Verify OK.
